<html>
<body>
<pre>
<h1>µVision Build Log</h1>
<h2>Tool Versions:</h2>
IDE-Version: ¦ÌVision V5.25.3.0
Copyright (C) 2018 ARM Ltd and ARM Germany GmbH. All rights reserved.
License Information: huafeng wen, abc, LIC=WHYH9-4C45G-MMV9I-TXQZW-D7AGN-EARAG
 
Tool Versions:
Toolchain:       MDK-ARM Plus  Version: 5.24.1
Toolchain Path:  C:\Keil_v5\ARM\ARMCC\Bin
C Compiler:      Armcc.exe V5.06 update 5 (build 528)
Assembler:       Armasm.exe V5.06 update 5 (build 528)
Linker/Locator:  ArmLink.exe V5.06 update 5 (build 528)
Library Manager: ArmAr.exe V5.06 update 5 (build 528)
Hex Converter:   FromElf.exe V5.06 update 5 (build 528)
CPU DLL:         SARMCM3.DLL V5.24.1
Dialog DLL:      DARMCM1.DLL V1.18.0.0
Target DLL:      STLink\ST-LINKIII-KEIL_SWO.dll V3.0.1.0
Dialog DLL:      TARMCM1.DLL V1.13.0.0
 
<h2>Project:</h2>
G:\ZZ\Examples\STM32\STM32L010F4P6_BMA253\MDK-ARM\STM32L0_BMA253.uvprojx
Project File Date:  08/24/2020

<h2>Output:</h2>
*** Using Compiler 'V5.06 update 5 (build 528)', folder: 'C:\Keil_v5\ARM\ARMCC\Bin'
Rebuild target 'STM32L0_BMA253'
assembling startup_stm32l010x4.s...
compiling accelerometer_bma253_iic.c...
compiling ArrayQueue.C...
..\User\GsensorToSflash\ArrayQueue.C(53): warning:  #550-D: parameter "val"  was set but never used
  BOOLEAN DeQueue(ElemType val)
..\User\GsensorToSflash\ArrayQueue.C: 1 warning, 0 errors
compiling accelerometer_bma253.c...
..\User\GsensorToSflash\accelerometer_bma253.c(528): warning:  #188-D: enumerated type mixed with another type
      *bw = data - 0x08;
..\User\GsensorToSflash\accelerometer_bma253.c: 1 warning, 0 errors
compiling GsensorToSflash_Process.c...
..\User\GsensorToSflash\GsensorToSflash_Process.c(80): warning:  #550-D: variable "cnt"  was set but never used
    u8 cnt;
..\User\GsensorToSflash\GsensorToSflash_Process.c: 1 warning, 0 errors
compiling W25Q128.c...
compiling main.c...
compiling lptim.c...
compiling dma.c...
compiling i2c.c...
compiling gpio.c...
compiling usart.c...
compiling stm32l0xx_ll_gpio.c...
compiling rtc.c...
compiling spi.c...
compiling stm32l0xx_it.c...
compiling stm32l0xx_ll_dma.c...
compiling stm32l0xx_ll_i2c.c...
compiling stm32l0xx_ll_rcc.c...
compiling stm32l0xx_ll_exti.c...
compiling stm32l0xx_ll_utils.c...
compiling stm32l0xx_ll_lptim.c...
compiling stm32l0xx_ll_lpuart.c...
compiling stm32l0xx_ll_rtc.c...
compiling stm32l0xx_ll_pwr.c...
compiling stm32l0xx_ll_spi.c...
compiling system_stm32l0xx.c...
compiling StepDetector.c...
compiling StepCount.c...
compiling bma253_iic.c...
compiling bma253.c...
compiling bma2x2.c...
compiling bma253_1.c...
compiling step_process.c...
compiling tiny_sscanf.c...
compiling tiny_vsnprintf.c...
compiling command.c...
compiling at.c...
compiling Task_Step.c...
compiling utilities.c...
compiling vcom.c...
compiling acc_printf.c...
compiling acc_bma253.c...
compiling acc_bma253_iic.c...
linking...
Program Size: Code=10752 RO-data=420 RW-data=36 ZI-data=1820  
FromELF: creating hex file...
"STM32L0_BMA253\STM32L0_BMA253.axf" - 0 Error(s), 3 Warning(s).

<h2>Software Packages used:</h2>

Package Vendor: ARM
                http://www.keil.com/pack/ARM.CMSIS.5.0.1.pack
                ARM.CMSIS.5.0.1
                CMSIS (Cortex Microcontroller Software Interface Standard)
   * Component: CORE Version: 5.0.1

<h2>Collection of Component include folders:</h2>
  .\RTE\_STM32L0_BMA253
  C:\Keil_v5\ARM\PACK\ARM\CMSIS\5.0.1\CMSIS\Include

<h2>Collection of Component Files used:</h2>

   * Component: ARM::CMSIS:CORE:5.0.1
Build Time Elapsed:  00:00:09
</pre>
</body>
</html>
