Component: ARM Compiler 5.06 update 5 (build 528) Tool: armlink [4d35e2]

==============================================================================

Section Cross References

    startup_stm32l010x4.o(RESET) refers to startup_stm32l010x4.o(STACK) for __initial_sp
    startup_stm32l010x4.o(RESET) refers to startup_stm32l010x4.o(.text) for Reset_Handler
    startup_stm32l010x4.o(RESET) refers to stm32l0xx_it.o(i.NMI_Handler) for NMI_Handler
    startup_stm32l010x4.o(RESET) refers to stm32l0xx_it.o(i.HardFault_Handler) for HardFault_Handler
    startup_stm32l010x4.o(RESET) refers to stm32l0xx_it.o(i.SVC_Handler) for SVC_Handler
    startup_stm32l010x4.o(RESET) refers to stm32l0xx_it.o(i.PendSV_Handler) for PendSV_Handler
    startup_stm32l010x4.o(RESET) refers to stm32l0xx_it.o(i.SysTick_Handler) for SysTick_Handler
    startup_stm32l010x4.o(RESET) refers to stm32l0xx_it.o(i.EXTI2_3_IRQHandler) for EXTI2_3_IRQHandler
    startup_stm32l010x4.o(RESET) refers to stm32l0xx_it.o(i.DMA1_Channel2_3_IRQHandler) for DMA1_Channel2_3_IRQHandler
    startup_stm32l010x4.o(RESET) refers to stm32l0xx_it.o(i.DMA1_Channel4_5_IRQHandler) for DMA1_Channel4_5_IRQHandler
    startup_stm32l010x4.o(RESET) refers to stm32l0xx_it.o(i.LPTIM1_IRQHandler) for LPTIM1_IRQHandler
    startup_stm32l010x4.o(RESET) refers to stm32l0xx_it.o(i.I2C1_IRQHandler) for I2C1_IRQHandler
    startup_stm32l010x4.o(RESET) refers to stm32l0xx_it.o(i.SPI1_IRQHandler) for SPI1_IRQHandler
    startup_stm32l010x4.o(RESET) refers to stm32l0xx_it.o(i.LPUART1_IRQHandler) for LPUART1_IRQHandler
    startup_stm32l010x4.o(.text) refers to startup_stm32l010x4.o(STACK) for __initial_sp
    startup_stm32l010x4.o(.text) refers to system_stm32l0xx.o(i.SystemInit) for SystemInit
    startup_stm32l010x4.o(.text) refers to entry.o(.ARM.Collect$$$$00000000) for __main
    accelerometer_bma253.o(i.BMA253_read_byte) refers to accelerometer_bma253_iic.o(i.BMA253_ReadByte) for BMA253_ReadByte
    accelerometer_bma253.o(i.BMA253_write_byte) refers to accelerometer_bma253_iic.o(i.BMA253_WriteByte) for BMA253_WriteByte
    accelerometer_bma253.o(i.accelerometer_accel_get) refers to accelerometer_bma253.o(i.BMA253_read_byte) for BMA253_read_byte
    accelerometer_bma253.o(i.accelerometer_fifo_data_read) refers to accelerometer_bma253.o(i.BMA253_read_byte) for BMA253_read_byte
    accelerometer_bma253.o(i.accelerometer_fifo_mode_get) refers to accelerometer_bma253.o(i.BMA253_read_byte) for BMA253_read_byte
    accelerometer_bma253.o(i.accelerometer_fifo_mode_set) refers to accelerometer_bma253.o(i.BMA253_write_byte) for BMA253_write_byte
    accelerometer_bma253.o(i.accelerometer_fifo_status_get) refers to accelerometer_bma253.o(i.BMA253_read_byte) for BMA253_read_byte
    accelerometer_bma253.o(i.accelerometer_fifo_watermark_level_get) refers to accelerometer_bma253.o(i.BMA253_read_byte) for BMA253_read_byte
    accelerometer_bma253.o(i.accelerometer_fifo_watermark_level_set) refers to accelerometer_bma253.o(i.BMA253_write_byte) for BMA253_write_byte
    accelerometer_bma253.o(i.accelerometer_filter_bandwidth_get) refers to accelerometer_bma253.o(i.BMA253_read_byte) for BMA253_read_byte
    accelerometer_bma253.o(i.accelerometer_filter_bandwidth_set) refers to accelerometer_bma253.o(i.BMA253_write_byte) for BMA253_write_byte
    accelerometer_bma253.o(i.accelerometer_filter_enable_get) refers to accelerometer_bma253.o(i.BMA253_read_byte) for BMA253_read_byte
    accelerometer_bma253.o(i.accelerometer_filter_enable_set) refers to accelerometer_bma253.o(i.BMA253_write_byte) for BMA253_write_byte
    accelerometer_bma253.o(i.accelerometer_init) refers to accelerometer_bma253.o(i.accelerometer_probe) for accelerometer_probe
    accelerometer_bma253.o(i.accelerometer_init) refers to accelerometer_bma253.o(i.accelerometer_power_mode_set) for accelerometer_power_mode_set
    accelerometer_bma253.o(i.accelerometer_init) refers to accelerometer_bma253.o(i.accelerometer_soft_reset) for accelerometer_soft_reset
    accelerometer_bma253.o(i.accelerometer_init) refers to accelerometer_bma253.o(i.accelerometer_range_set) for accelerometer_range_set
    accelerometer_bma253.o(i.accelerometer_init) refers to accelerometer_bma253.o(i.accelerometer_filter_bandwidth_set) for accelerometer_filter_bandwidth_set
    accelerometer_bma253.o(i.accelerometer_init) refers to accelerometer_bma253.o(i.accelerometer_int_mode_set) for accelerometer_int_mode_set
    accelerometer_bma253.o(i.accelerometer_init) refers to accelerometer_bma253.o(i.accelerometer_int_out_ctrl) for accelerometer_int_out_ctrl
    accelerometer_bma253.o(i.accelerometer_init) refers to accelerometer_bma253.o(i.accelerometer_int_enable) for accelerometer_int_enable
    accelerometer_bma253.o(i.accelerometer_init) refers to accelerometer_bma253.o(i.accelerometer_int_map_to_pin1) for accelerometer_int_map_to_pin1
    accelerometer_bma253.o(i.accelerometer_int_enable) refers to memcpya.o(.text) for __aeabi_memcpy4
[...]
    Removing stepcount.o(.revsh_text), (4 bytes).
    Removing stepcount.o(.constdata), (5 bytes).
    Removing bma2x2.o(.rev16_text), (4 bytes).
    Removing bma2x2.o(.revsh_text), (4 bytes).
    Removing bma2x2.o(.constdata), (5 bytes).
    Removing bma253_iic.o(.rev16_text), (4 bytes).
    Removing bma253_iic.o(.revsh_text), (4 bytes).
    Removing bma253_iic.o(.constdata), (5 bytes).
    Removing bma253.o(.rev16_text), (4 bytes).
    Removing bma253.o(.revsh_text), (4 bytes).
    Removing bma253.o(.constdata), (5 bytes).
    Removing bma253_1.o(.rev16_text), (4 bytes).
    Removing bma253_1.o(.revsh_text), (4 bytes).
    Removing bma253_1.o(.constdata), (5 bytes).
    Removing step_process.o(.rev16_text), (4 bytes).
    Removing step_process.o(.revsh_text), (4 bytes).
    Removing step_process.o(.constdata), (5 bytes).
    Removing task_step.o(.rev16_text), (4 bytes).
    Removing task_step.o(.revsh_text), (4 bytes).
    Removing task_step.o(.constdata), (5 bytes).
    Removing command.o(.rev16_text), (4 bytes).
    Removing command.o(.revsh_text), (4 bytes).
    Removing command.o(.constdata), (5 bytes).
    Removing at.o(.rev16_text), (4 bytes).
    Removing at.o(.revsh_text), (4 bytes).
    Removing at.o(.constdata), (5 bytes).
    Removing tiny_sscanf.o(i.tiny_sscanf), (36 bytes).
    Removing tiny_sscanf.o(i.tiny_vfscanf), (976 bytes).
    Removing tiny_vsnprintf.o(i.ee_number), (376 bytes).
    Removing tiny_vsnprintf.o(i.ee_skip_atoi), (42 bytes).
    Removing tiny_vsnprintf.o(i.tiny_vsnprintf_like), (480 bytes).
    Removing tiny_vsnprintf.o(.conststring), (77 bytes).
    Removing tiny_vsnprintf.o(.data), (8 bytes).
    Removing utilities.o(.rev16_text), (4 bytes).
    Removing utilities.o(.revsh_text), (4 bytes).
    Removing utilities.o(i.Nibble2HexChar), (30 bytes).
    Removing utilities.o(i.memcpy1), (24 bytes).
    Removing utilities.o(i.memcpyr), (28 bytes).
    Removing utilities.o(i.memset1), (20 bytes).
    Removing utilities.o(i.rand1), (48 bytes).
    Removing utilities.o(i.randr), (26 bytes).
    Removing utilities.o(i.srand1), (12 bytes).
    Removing utilities.o(.constdata), (5 bytes).
    Removing utilities.o(.data), (4 bytes).
    Removing vcom.o(.rev16_text), (4 bytes).
    Removing vcom.o(.revsh_text), (4 bytes).
    Removing vcom.o(i.GetNewChar), (32 bytes).
    Removing vcom.o(i.IsNewCharReceived), (28 bytes).
    Removing vcom.o(i.buffer_transmit), (76 bytes).
    Removing vcom.o(i.receive), (104 bytes).
    Removing vcom.o(i.vcom_IRQHandler), (260 bytes).
    Removing vcom.o(i.vcom_Init), (116 bytes).
    Removing vcom.o(i.vcom_ReceiveInit), (76 bytes).
    Removing vcom.o(i.vcom_Send), (156 bytes).
    Removing vcom.o(.bss), (524 bytes).
    Removing vcom.o(.constdata), (5 bytes).
    Removing vcom.o(.data), (2 bytes).
    Removing acc_bma253.o(.rev16_text), (4 bytes).
    Removing acc_bma253.o(.revsh_text), (4 bytes).
    Removing acc_bma253.o(.constdata), (5 bytes).
    Removing acc_bma253_iic.o(.rev16_text), (4 bytes).
    Removing acc_bma253_iic.o(.revsh_text), (4 bytes).
    Removing acc_bma253_iic.o(.constdata), (5 bytes).
    Removing acc_printf.o(.rev16_text), (4 bytes).
    Removing acc_printf.o(.revsh_text), (4 bytes).
    Removing acc_printf.o(.constdata), (5 bytes).

233 unused section(s) (total 16976 bytes) removed from the image.

==============================================================================

Image Symbol Table

    Local Symbols

    Symbol Name                              Value     Ov Type        Size  Object(Section)

    ../Core/Src/dma.c                        0x00000000   Number         0  dma.o ABSOLUTE
    ../Core/Src/gpio.c                       0x00000000   Number         0  gpio.o ABSOLUTE
    ../Core/Src/i2c.c                        0x00000000   Number         0  i2c.o ABSOLUTE
    ../Core/Src/lptim.c                      0x00000000   Number         0  lptim.o ABSOLUTE
    ../Core/Src/main.c                       0x00000000   Number         0  main.o ABSOLUTE
    ../Core/Src/rtc.c                        0x00000000   Number         0  rtc.o ABSOLUTE
    ../Core/Src/spi.c                        0x00000000   Number         0  spi.o ABSOLUTE
    ../Core/Src/stm32l0xx_it.c               0x00000000   Number         0  stm32l0xx_it.o ABSOLUTE
    ../Core/Src/system_stm32l0xx.c           0x00000000   Number         0  system_stm32l0xx.o ABSOLUTE
    ../Core/Src/usart.c                      0x00000000   Number         0  usart.o ABSOLUTE
    ../Drivers/STM32L0xx_HAL_Driver/Src/stm32l0xx_ll_dma.c 0x00000000   Number         0  stm32l0xx_ll_dma.o ABSOLUTE
    ../Drivers/STM32L0xx_HAL_Driver/Src/stm32l0xx_ll_exti.c 0x00000000   Number         0  stm32l0xx_ll_exti.o ABSOLUTE
    ../Drivers/STM32L0xx_HAL_Driver/Src/stm32l0xx_ll_gpio.c 0x00000000   Number         0  stm32l0xx_ll_gpio.o ABSOLUTE
    ../Drivers/STM32L0xx_HAL_Driver/Src/stm32l0xx_ll_i2c.c 0x00000000   Number         0  stm32l0xx_ll_i2c.o ABSOLUTE
    ../Drivers/STM32L0xx_HAL_Driver/Src/stm32l0xx_ll_lptim.c 0x00000000   Number         0  stm32l0xx_ll_lptim.o ABSOLUTE
    ../Drivers/STM32L0xx_HAL_Driver/Src/stm32l0xx_ll_lpuart.c 0x00000000   Number         0  stm32l0xx_ll_lpuart.o ABSOLUTE
    ../Drivers/STM32L0xx_HAL_Driver/Src/stm32l0xx_ll_pwr.c 0x00000000   Number         0  stm32l0xx_ll_pwr.o ABSOLUTE
    ../Drivers/STM32L0xx_HAL_Driver/Src/stm32l0xx_ll_rcc.c 0x00000000   Number         0  stm32l0xx_ll_rcc.o ABSOLUTE
    ../Drivers/STM32L0xx_HAL_Driver/Src/stm32l0xx_ll_rtc.c 0x00000000   Number         0  stm32l0xx_ll_rtc.o ABSOLUTE
    ../Drivers/STM32L0xx_HAL_Driver/Src/stm32l0xx_ll_spi.c 0x00000000   Number         0  stm32l0xx_ll_spi.o ABSOLUTE
    ../Drivers/STM32L0xx_HAL_Driver/Src/stm32l0xx_ll_utils.c 0x00000000   Number         0  stm32l0xx_ll_utils.o ABSOLUTE
    ../clib/microlib/division.c              0x00000000   Number         0  uldiv.o ABSOLUTE
    ../clib/microlib/division.c              0x00000000   Number         0  uidiv.o ABSOLUTE
    ../clib/microlib/division.c              0x00000000   Number         0  idiv.o ABSOLUTE
    ../clib/microlib/init/entry.s            0x00000000   Number         0  entry5.o ABSOLUTE
    ../clib/microlib/init/entry.s            0x00000000   Number         0  entry10b.o ABSOLUTE
    ../clib/microlib/init/entry.s            0x00000000   Number         0  entry11a.o ABSOLUTE
    ../clib/microlib/init/entry.s            0x00000000   Number         0  entry11b.o ABSOLUTE
    ../clib/microlib/init/entry.s            0x00000000   Number         0  entry7b.o ABSOLUTE
    ../clib/microlib/init/entry.s            0x00000000   Number         0  entry2.o ABSOLUTE
    ../clib/microlib/init/entry.s            0x00000000   Number         0  entry8a.o ABSOLUTE
    ../clib/microlib/init/entry.s            0x00000000   Number         0  entry7a.o ABSOLUTE
    ../clib/microlib/init/entry.s            0x00000000   Number         0  entry.o ABSOLUTE
    ../clib/microlib/init/entry.s            0x00000000   Number         0  entry8b.o ABSOLUTE
    ../clib/microlib/init/entry.s            0x00000000   Number         0  entry9a.o ABSOLUTE
    ../clib/microlib/init/entry.s            0x00000000   Number         0  entry9b.o ABSOLUTE
    ../clib/microlib/init/entry.s            0x00000000   Number         0  entry10a.o ABSOLUTE
    ../clib/microlib/longlong.c              0x00000000   Number         0  llmul.o ABSOLUTE
    ../clib/microlib/longlong.c              0x00000000   Number         0  llushr.o ABSOLUTE
    ../clib/microlib/longlong.c              0x00000000   Number         0  llshl.o ABSOLUTE
    ../clib/microlib/string/memcpy.c         0x00000000   Number         0  memcpya.o ABSOLUTE
    ../clib/microlib/string/memcpy.c         0x00000000   Number         0  memcpyb.o ABSOLUTE
    ../clib/microlib/string/memset.c         0x00000000   Number         0  memseta.o ABSOLUTE
    ../clib/microlib/string/strlen.c         0x00000000   Number         0  strlen.o ABSOLUTE
    ../clib/microlib/string/strstr.c         0x00000000   Number         0  strstr.o ABSOLUTE
    ..\Core\Src\dma.c                        0x00000000   Number         0  dma.o ABSOLUTE
    ..\Core\Src\gpio.c                       0x00000000   Number         0  gpio.o ABSOLUTE
    ..\Core\Src\i2c.c                        0x00000000   Number         0  i2c.o ABSOLUTE
    ..\Core\Src\lptim.c                      0x00000000   Number         0  lptim.o ABSOLUTE
    ..\Core\Src\main.c                       0x00000000   Number         0  main.o ABSOLUTE
    ..\Core\Src\rtc.c                        0x00000000   Number         0  rtc.o ABSOLUTE
    ..\Core\Src\spi.c                        0x00000000   Number         0  spi.o ABSOLUTE
    ..\Core\Src\stm32l0xx_it.c               0x00000000   Number         0  stm32l0xx_it.o ABSOLUTE
    ..\Core\Src\system_stm32l0xx.c           0x00000000   Number         0  system_stm32l0xx.o ABSOLUTE
    ..\Core\Src\usart.c                      0x00000000   Number         0  usart.o ABSOLUTE
    ..\Drivers\STM32L0xx_HAL_Driver\Src\stm32l0xx_ll_dma.c 0x00000000   Number         0  stm32l0xx_ll_dma.o ABSOLUTE
    ..\Drivers\STM32L0xx_HAL_Driver\Src\stm32l0xx_ll_exti.c 0x00000000   Number         0  stm32l0xx_ll_exti.o ABSOLUTE
    ..\Drivers\STM32L0xx_HAL_Driver\Src\stm32l0xx_ll_gpio.c 0x00000000   Number         0  stm32l0xx_ll_gpio.o ABSOLUTE
    ..\Drivers\STM32L0xx_HAL_Driver\Src\stm32l0xx_ll_i2c.c 0x00000000   Number         0  stm32l0xx_ll_i2c.o ABSOLUTE
    ..\Drivers\STM32L0xx_HAL_Driver\Src\stm32l0xx_ll_lptim.c 0x00000000   Number         0  stm32l0xx_ll_lptim.o ABSOLUTE
    ..\Drivers\STM32L0xx_HAL_Driver\Src\stm32l0xx_ll_lpuart.c 0x00000000   Number         0  stm32l0xx_ll_lpuart.o ABSOLUTE
    ..\Drivers\STM32L0xx_HAL_Driver\Src\stm32l0xx_ll_pwr.c 0x00000000   Number         0  stm32l0xx_ll_pwr.o ABSOLUTE
    ..\Drivers\STM32L0xx_HAL_Driver\Src\stm32l0xx_ll_rcc.c 0x00000000   Number         0  stm32l0xx_ll_rcc.o ABSOLUTE
    ..\Drivers\STM32L0xx_HAL_Driver\Src\stm32l0xx_ll_rtc.c 0x00000000   Number         0  stm32l0xx_ll_rtc.o ABSOLUTE
    ..\Drivers\STM32L0xx_HAL_Driver\Src\stm32l0xx_ll_spi.c 0x00000000   Number         0  stm32l0xx_ll_spi.o ABSOLUTE
    ..\Drivers\STM32L0xx_HAL_Driver\Src\stm32l0xx_ll_utils.c 0x00000000   Number         0  stm32l0xx_ll_utils.o ABSOLUTE
    ..\User\AccPrint\acc_bma253.c            0x00000000   Number         0  acc_bma253.o ABSOLUTE
    ..\User\AccPrint\acc_bma253_iic.c        0x00000000   Number         0  acc_bma253_iic.o ABSOLUTE
    ..\User\AccPrint\acc_printf.c            0x00000000   Number         0  acc_printf.o ABSOLUTE
    ..\User\GsensorToSflash\ArrayQueue.C     0x00000000   Number         0  arrayqueue.o ABSOLUTE
    ..\User\GsensorToSflash\GsensorToSflash_Process.c 0x00000000   Number         0  gsensortosflash_process.o ABSOLUTE
    ..\User\GsensorToSflash\W25Q128.c        0x00000000   Number         0  w25q128.o ABSOLUTE
    ..\User\GsensorToSflash\accelerometer_bma253.c 0x00000000   Number         0  accelerometer_bma253.o ABSOLUTE
    ..\User\GsensorToSflash\accelerometer_bma253_iic.c 0x00000000   Number         0  accelerometer_bma253_iic.o ABSOLUTE
    ..\User\LPUART\tiny_sscanf.c             0x00000000   Number         0  tiny_sscanf.o ABSOLUTE
    ..\User\LPUART\tiny_vsnprintf.c          0x00000000   Number         0  tiny_vsnprintf.o ABSOLUTE
    ..\User\LPUART\utilities.c               0x00000000   Number         0  utilities.o ABSOLUTE
    ..\User\LPUART\vcom.c                    0x00000000   Number         0  vcom.o ABSOLUTE
    ..\User\Pedometer\Task_Step.c            0x00000000   Number         0  task_step.o ABSOLUTE
    ..\User\Pedometer\at.c                   0x00000000   Number         0  at.o ABSOLUTE
    ..\User\Pedometer\bma253.c               0x00000000   Number         0  bma253.o ABSOLUTE
    ..\User\Pedometer\bma253_1.c             0x00000000   Number         0  bma253_1.o ABSOLUTE
    ..\User\Pedometer\bma253_iic.c           0x00000000   Number         0  bma253_iic.o ABSOLUTE
    ..\User\Pedometer\bma2x2.c               0x00000000   Number         0  bma2x2.o ABSOLUTE
    ..\User\Pedometer\command.c              0x00000000   Number         0  command.o ABSOLUTE
    ..\User\Pedometer\step_process.c         0x00000000   Number         0  step_process.o ABSOLUTE
    ..\User\StepCount\StepCount.c            0x00000000   Number         0  stepcount.o ABSOLUTE
    ..\User\StepCount\StepDetector.c         0x00000000   Number         0  stepdetector.o ABSOLUTE
    ..\\User\\AccPrint\\acc_bma253.c         0x00000000   Number         0  acc_bma253.o ABSOLUTE
    ..\\User\\AccPrint\\acc_bma253_iic.c     0x00000000   Number         0  acc_bma253_iic.o ABSOLUTE
    ..\\User\\AccPrint\\acc_printf.c         0x00000000   Number         0  acc_printf.o ABSOLUTE
    ..\\User\\GsensorToSflash\\ArrayQueue.C  0x00000000   Number         0  arrayqueue.o ABSOLUTE
    ..\\User\\GsensorToSflash\\GsensorToSflash_Process.c 0x00000000   Number         0  gsensortosflash_process.o ABSOLUTE
    ..\\User\\GsensorToSflash\\W25Q128.c     0x00000000   Number         0  w25q128.o ABSOLUTE
    ..\\User\\GsensorToSflash\\accelerometer_bma253.c 0x00000000   Number         0  accelerometer_bma253.o ABSOLUTE
    ..\\User\\GsensorToSflash\\accelerometer_bma253_iic.c 0x00000000   Number         0  accelerometer_bma253_iic.o ABSOLUTE
    ..\\User\\LPUART\\utilities.c            0x00000000   Number         0  utilities.o ABSOLUTE
    ..\\User\\LPUART\\vcom.c                 0x00000000   Number         0  vcom.o ABSOLUTE
    ..\\User\\Pedometer\\Task_Step.c         0x00000000   Number         0  task_step.o ABSOLUTE
    ..\\User\\Pedometer\\at.c                0x00000000   Number         0  at.o ABSOLUTE
    ..\\User\\Pedometer\\bma253.c            0x00000000   Number         0  bma253.o ABSOLUTE
    ..\\User\\Pedometer\\bma253_1.c          0x00000000   Number         0  bma253_1.o ABSOLUTE
    ..\\User\\Pedometer\\bma253_iic.c        0x00000000   Number         0  bma253_iic.o ABSOLUTE
    ..\\User\\Pedometer\\bma2x2.c            0x00000000   Number         0  bma2x2.o ABSOLUTE
    ..\\User\\Pedometer\\command.c           0x00000000   Number         0  command.o ABSOLUTE
    ..\\User\\Pedometer\\step_process.c      0x00000000   Number         0  step_process.o ABSOLUTE
    ..\\User\\StepCount\\StepCount.c         0x00000000   Number         0  stepcount.o ABSOLUTE
    ..\\User\\StepCount\\StepDetector.c      0x00000000   Number         0  stepdetector.o ABSOLUTE
    dc.s                                     0x00000000   Number         0  dc.o ABSOLUTE
    handlers.s                               0x00000000   Number         0  handlers.o ABSOLUTE
    init.s                                   0x00000000   Number         0  init.o ABSOLUTE
    startup_stm32l010x4.s                    0x00000000   Number         0  startup_stm32l010x4.o ABSOLUTE
    RESET                                    0x08000000   Section      192  startup_stm32l010x4.o(RESET)
    .ARM.Collect$$$$00000000                 0x080000c0   Section        0  entry.o(.ARM.Collect$$$$00000000)
    .ARM.Collect$$$$00000001                 0x080000c0   Section        4  entry2.o(.ARM.Collect$$$$00000001)
    .ARM.Collect$$$$00000004                 0x080000c4   Section        4  entry5.o(.ARM.Collect$$$$00000004)
    .ARM.Collect$$$$00000008                 0x080000c8   Section        0  entry7b.o(.ARM.Collect$$$$00000008)
    .ARM.Collect$$$$0000000A                 0x080000c8   Section        0  entry8b.o(.ARM.Collect$$$$0000000A)
    .ARM.Collect$$$$0000000B                 0x080000c8   Section        8  entry9a.o(.ARM.Collect$$$$0000000B)
    .ARM.Collect$$$$0000000D                 0x080000d0   Section        0  entry10a.o(.ARM.Collect$$$$0000000D)
    .ARM.Collect$$$$0000000F                 0x080000d0   Section        0  entry11a.o(.ARM.Collect$$$$0000000F)
    .ARM.Collect$$$$00002712                 0x080000d0   Section        4  entry2.o(.ARM.Collect$$$$00002712)
    __lit__00000000                          0x080000d0   Data           4  entry2.o(.ARM.Collect$$$$00002712)
    .text                                    0x080000d4   Section       88  startup_stm32l010x4.o(.text)
    .text                                    0x0800012c   Section        0  uidiv.o(.text)
    .text                                    0x08000158   Section        0  uldiv.o(.text)
    .text                                    0x080001b8   Section        0  memcpya.o(.text)
    .text                                    0x080001dc   Section        0  memseta.o(.text)
    .text                                    0x08000200   Section        0  strstr.o(.text)
    .text                                    0x08000228   Section        0  llshl.o(.text)
    .text                                    0x08000248   Section        0  llushr.o(.text)
    .text                                    0x0800026c   Section       36  init.o(.text)
    i.AT_command_process                     0x08000290   Section        0  gsensortosflash_process.o(i.AT_command_process)
    i.AccelerometerDataGet                   0x080003ac   Section        0  gsensortosflash_process.o(i.AccelerometerDataGet)
    i.BMA253_I2C_Init                        0x0800043c   Section        0  accelerometer_bma253_iic.o(i.BMA253_I2C_Init)
    i.BMA253_ReadByte                        0x08000454   Section        0  accelerometer_bma253_iic.o(i.BMA253_ReadByte)
    i.BMA253_WriteByte                       0x0800053c   Section        0  accelerometer_bma253_iic.o(i.BMA253_WriteByte)
    i.BMA253_read_byte                       0x080005e8   Section        0  accelerometer_bma253.o(i.BMA253_read_byte)
    BMA253_read_byte                         0x080005e9   Thumb Code    18  accelerometer_bma253.o(i.BMA253_read_byte)
    i.BMA253_write_byte                      0x080005fa   Section        0  accelerometer_bma253.o(i.BMA253_write_byte)
    BMA253_write_byte                        0x080005fb   Thumb Code    18  accelerometer_bma253.o(i.BMA253_write_byte)
    i.DMA1_Channel2_3_IRQHandler             0x0800060c   Section        0  stm32l0xx_it.o(i.DMA1_Channel2_3_IRQHandler)
    i.DMA1_Channel4_5_IRQHandler             0x0800060e   Section        0  stm32l0xx_it.o(i.DMA1_Channel4_5_IRQHandler)
    i.DMA_ISR_Callback                       0x08000618   Section        0  gsensortosflash_process.o(i.DMA_ISR_Callback)
    i.DataEnterQueue                         0x0800069c   Section        0  gsensortosflash_process.o(i.DataEnterQueue)
    i.EXTI2_3_IRQHandler                     0x080006c4   Section        0  stm32l0xx_it.o(i.EXTI2_3_IRQHandler)
    i.EnQueue                                0x080006ec   Section        0  arrayqueue.o(i.EnQueue)
    i.Error_Handler                          0x08000734   Section        0  main.o(i.Error_Handler)
    i.GsensorToSflash_Process                0x08000738   Section        0  gsensortosflash_process.o(i.GsensorToSflash_Process)
    i.HardFault_Handler                      0x08000764   Section        0  stm32l0xx_it.o(i.HardFault_Handler)
    i.I2C1_IRQHandler                        0x08000768   Section        0  stm32l0xx_it.o(i.I2C1_IRQHandler)
    i.InitQueue                              0x0800076c   Section        0  arrayqueue.o(i.InitQueue)
    i.LL_APB1_GRP1_EnableClock               0x0800077c   Section        0  usart.o(i.LL_APB1_GRP1_EnableClock)
    LL_APB1_GRP1_EnableClock                 0x0800077d   Thumb Code    24  usart.o(i.LL_APB1_GRP1_EnableClock)
    i.LL_DMA_DisableChannel                  0x08000798   Section        0  gsensortosflash_process.o(i.LL_DMA_DisableChannel)
    LL_DMA_DisableChannel                    0x08000799   Thumb Code    24  gsensortosflash_process.o(i.LL_DMA_DisableChannel)
    i.LL_DMA_EnableChannel                   0x080007b4   Section        0  gsensortosflash_process.o(i.LL_DMA_EnableChannel)
    LL_DMA_EnableChannel                     0x080007b5   Thumb Code    24  gsensortosflash_process.o(i.LL_DMA_EnableChannel)
    i.LL_DMA_SetChannelPriorityLevel         0x080007d0   Section        0  usart.o(i.LL_DMA_SetChannelPriorityLevel)
    LL_DMA_SetChannelPriorityLevel           0x080007d1   Thumb Code    28  usart.o(i.LL_DMA_SetChannelPriorityLevel)
    i.LL_DMA_SetDataLength                   0x080007f0   Section        0  gsensortosflash_process.o(i.LL_DMA_SetDataLength)
    LL_DMA_SetDataLength                     0x080007f1   Thumb Code    30  gsensortosflash_process.o(i.LL_DMA_SetDataLength)
    i.LL_DMA_SetDataTransferDirection        0x08000814   Section        0  usart.o(i.LL_DMA_SetDataTransferDirection)
    LL_DMA_SetDataTransferDirection          0x08000815   Thumb Code    26  usart.o(i.LL_DMA_SetDataTransferDirection)
    i.LL_DMA_SetMemoryAddress                0x08000838   Section        0  gsensortosflash_process.o(i.LL_DMA_SetMemoryAddress)
    LL_DMA_SetMemoryAddress                  0x08000839   Thumb Code    14  gsensortosflash_process.o(i.LL_DMA_SetMemoryAddress)
    i.LL_DMA_SetMemoryIncMode                0x0800084c   Section        0  usart.o(i.LL_DMA_SetMemoryIncMode)
    LL_DMA_SetMemoryIncMode                  0x0800084d   Thumb Code    26  usart.o(i.LL_DMA_SetMemoryIncMode)
    i.LL_DMA_SetMemorySize                   0x0800086c   Section        0  usart.o(i.LL_DMA_SetMemorySize)
    LL_DMA_SetMemorySize                     0x0800086d   Thumb Code    28  usart.o(i.LL_DMA_SetMemorySize)
    i.LL_DMA_SetMode                         0x0800088c   Section        0  usart.o(i.LL_DMA_SetMode)
    LL_DMA_SetMode                           0x0800088d   Thumb Code    26  usart.o(i.LL_DMA_SetMode)
    i.LL_DMA_SetPeriphAddress                0x080008ac   Section        0  gsensortosflash_process.o(i.LL_DMA_SetPeriphAddress)
    LL_DMA_SetPeriphAddress                  0x080008ad   Thumb Code    14  gsensortosflash_process.o(i.LL_DMA_SetPeriphAddress)
    i.LL_DMA_SetPeriphIncMode                0x080008c0   Section        0  usart.o(i.LL_DMA_SetPeriphIncMode)
    LL_DMA_SetPeriphIncMode                  0x080008c1   Thumb Code    26  usart.o(i.LL_DMA_SetPeriphIncMode)
    i.LL_DMA_SetPeriphRequest                0x080008e0   Section        0  usart.o(i.LL_DMA_SetPeriphRequest)
    LL_DMA_SetPeriphRequest                  0x080008e1   Thumb Code    32  usart.o(i.LL_DMA_SetPeriphRequest)
    i.LL_DMA_SetPeriphSize                   0x08000900   Section        0  usart.o(i.LL_DMA_SetPeriphSize)
    LL_DMA_SetPeriphSize                     0x08000901   Thumb Code    28  usart.o(i.LL_DMA_SetPeriphSize)
    i.LL_EXTI_DisableEvent_0_31              0x08000920   Section        0  stm32l0xx_ll_exti.o(i.LL_EXTI_DisableEvent_0_31)
    LL_EXTI_DisableEvent_0_31                0x08000921   Thumb Code    12  stm32l0xx_ll_exti.o(i.LL_EXTI_DisableEvent_0_31)
    i.LL_EXTI_DisableIT_0_31                 0x08000930   Section        0  stm32l0xx_ll_exti.o(i.LL_EXTI_DisableIT_0_31)
    LL_EXTI_DisableIT_0_31                   0x08000931   Thumb Code    12  stm32l0xx_ll_exti.o(i.LL_EXTI_DisableIT_0_31)
    i.LL_EXTI_EnableEvent_0_31               0x08000940   Section        0  stm32l0xx_ll_exti.o(i.LL_EXTI_EnableEvent_0_31)
    LL_EXTI_EnableEvent_0_31                 0x08000941   Thumb Code    12  stm32l0xx_ll_exti.o(i.LL_EXTI_EnableEvent_0_31)
    i.LL_EXTI_EnableFallingTrig_0_31         0x08000950   Section        0  stm32l0xx_ll_exti.o(i.LL_EXTI_EnableFallingTrig_0_31)
    LL_EXTI_EnableFallingTrig_0_31           0x08000951   Thumb Code    12  stm32l0xx_ll_exti.o(i.LL_EXTI_EnableFallingTrig_0_31)
    i.LL_EXTI_EnableIT_0_31                  0x08000960   Section        0  stm32l0xx_ll_exti.o(i.LL_EXTI_EnableIT_0_31)
    LL_EXTI_EnableIT_0_31                    0x08000961   Thumb Code    12  stm32l0xx_ll_exti.o(i.LL_EXTI_EnableIT_0_31)
    i.LL_EXTI_EnableRisingTrig_0_31          0x08000970   Section        0  stm32l0xx_ll_exti.o(i.LL_EXTI_EnableRisingTrig_0_31)
    LL_EXTI_EnableRisingTrig_0_31            0x08000971   Thumb Code    12  stm32l0xx_ll_exti.o(i.LL_EXTI_EnableRisingTrig_0_31)
    i.LL_EXTI_Init                           0x08000980   Section        0  stm32l0xx_ll_exti.o(i.LL_EXTI_Init)
    i.LL_FLASH_SetLatency                    0x08000a3c   Section        0  main.o(i.LL_FLASH_SetLatency)
    LL_FLASH_SetLatency                      0x08000a3d   Thumb Code    16  main.o(i.LL_FLASH_SetLatency)
    i.LL_GPIO_Init                           0x08000a50   Section        0  stm32l0xx_ll_gpio.o(i.LL_GPIO_Init)
    i.LL_GPIO_SetOutputPin                   0x08000b4e   Section        0  gsensortosflash_process.o(i.LL_GPIO_SetOutputPin)
    LL_GPIO_SetOutputPin                     0x08000b4f   Thumb Code     4  gsensortosflash_process.o(i.LL_GPIO_SetOutputPin)
    i.LL_GPIO_TogglePin                      0x08000b52   Section        0  gsensortosflash_process.o(i.LL_GPIO_TogglePin)
    LL_GPIO_TogglePin                        0x08000b53   Thumb Code     8  gsensortosflash_process.o(i.LL_GPIO_TogglePin)
    i.LL_I2C_Disable                         0x08000b5a   Section        0  accelerometer_bma253_iic.o(i.LL_I2C_Disable)
    LL_I2C_Disable                           0x08000b5b   Thumb Code    10  accelerometer_bma253_iic.o(i.LL_I2C_Disable)
    i.LL_I2C_Enable                          0x08000b64   Section        0  accelerometer_bma253_iic.o(i.LL_I2C_Enable)
    LL_I2C_Enable                            0x08000b65   Thumb Code    10  accelerometer_bma253_iic.o(i.LL_I2C_Enable)
    i.LL_I2C_GenerateStartCondition          0x08000b6e   Section        0  accelerometer_bma253_iic.o(i.LL_I2C_GenerateStartCondition)
    LL_I2C_GenerateStartCondition            0x08000b6f   Thumb Code    12  accelerometer_bma253_iic.o(i.LL_I2C_GenerateStartCondition)
    i.LL_I2C_GenerateStopCondition           0x08000b7a   Section        0  accelerometer_bma253_iic.o(i.LL_I2C_GenerateStopCondition)
    LL_I2C_GenerateStopCondition             0x08000b7b   Thumb Code    12  accelerometer_bma253_iic.o(i.LL_I2C_GenerateStopCondition)
    i.LL_I2C_Init                            0x08000b86   Section        0  stm32l0xx_ll_i2c.o(i.LL_I2C_Init)
    i.LL_I2C_IsActiveFlag_RXNE               0x08000c18   Section        0  accelerometer_bma253_iic.o(i.LL_I2C_IsActiveFlag_RXNE)
    LL_I2C_IsActiveFlag_RXNE                 0x08000c19   Thumb Code    12  accelerometer_bma253_iic.o(i.LL_I2C_IsActiveFlag_RXNE)
    i.LL_I2C_IsActiveFlag_TC                 0x08000c24   Section        0  accelerometer_bma253_iic.o(i.LL_I2C_IsActiveFlag_TC)
    LL_I2C_IsActiveFlag_TC                   0x08000c25   Thumb Code    12  accelerometer_bma253_iic.o(i.LL_I2C_IsActiveFlag_TC)
    i.LL_I2C_IsActiveFlag_TXE                0x08000c30   Section        0  accelerometer_bma253_iic.o(i.LL_I2C_IsActiveFlag_TXE)
    LL_I2C_IsActiveFlag_TXE                  0x08000c31   Thumb Code    16  accelerometer_bma253_iic.o(i.LL_I2C_IsActiveFlag_TXE)
    i.LL_I2C_SetSlaveAddr                    0x08000c40   Section        0  accelerometer_bma253_iic.o(i.LL_I2C_SetSlaveAddr)
    LL_I2C_SetSlaveAddr                      0x08000c41   Thumb Code    12  accelerometer_bma253_iic.o(i.LL_I2C_SetSlaveAddr)
    i.LL_I2C_SetTransferRequest              0x08000c4c   Section        0  accelerometer_bma253_iic.o(i.LL_I2C_SetTransferRequest)
    LL_I2C_SetTransferRequest                0x08000c4d   Thumb Code    14  accelerometer_bma253_iic.o(i.LL_I2C_SetTransferRequest)
    i.LL_I2C_SetTransferSize                 0x08000c5a   Section        0  accelerometer_bma253_iic.o(i.LL_I2C_SetTransferSize)
    LL_I2C_SetTransferSize                   0x08000c5b   Thumb Code    16  accelerometer_bma253_iic.o(i.LL_I2C_SetTransferSize)
    i.LL_I2C_TransmitData8                   0x08000c6a   Section        0  accelerometer_bma253_iic.o(i.LL_I2C_TransmitData8)
    LL_I2C_TransmitData8                     0x08000c6b   Thumb Code     4  accelerometer_bma253_iic.o(i.LL_I2C_TransmitData8)
    i.LL_IOP_GRP1_EnableClock                0x08000c70   Section        0  gpio.o(i.LL_IOP_GRP1_EnableClock)
    LL_IOP_GRP1_EnableClock                  0x08000c71   Thumb Code    24  gpio.o(i.LL_IOP_GRP1_EnableClock)
    i.LL_IOP_GRP1_EnableClock                0x08000c8c   Section        0  usart.o(i.LL_IOP_GRP1_EnableClock)
    LL_IOP_GRP1_EnableClock                  0x08000c8d   Thumb Code    24  usart.o(i.LL_IOP_GRP1_EnableClock)
    i.LL_Init1msTick                         0x08000ca8   Section        0  stm32l0xx_ll_utils.o(i.LL_Init1msTick)
    i.LL_LPUART_EnableDMAReq_TX              0x08000cd0   Section        0  gsensortosflash_process.o(i.LL_LPUART_EnableDMAReq_TX)
    LL_LPUART_EnableDMAReq_TX                0x08000cd1   Thumb Code    10  gsensortosflash_process.o(i.LL_LPUART_EnableDMAReq_TX)
    i.LL_LPUART_Init                         0x08000cdc   Section        0  stm32l0xx_ll_lpuart.o(i.LL_LPUART_Init)
    i.LL_PWR_EnableBkUpAccess                0x08000d78   Section        0  main.o(i.LL_PWR_EnableBkUpAccess)
    LL_PWR_EnableBkUpAccess                  0x08000d79   Thumb Code    16  main.o(i.LL_PWR_EnableBkUpAccess)
    i.LL_PWR_SetRegulVoltageScaling          0x08000d8c   Section        0  main.o(i.LL_PWR_SetRegulVoltageScaling)
    LL_PWR_SetRegulVoltageScaling            0x08000d8d   Thumb Code    18  main.o(i.LL_PWR_SetRegulVoltageScaling)
    i.LL_RCC_EnableRTC                       0x08000da4   Section        0  main.o(i.LL_RCC_EnableRTC)
    LL_RCC_EnableRTC                         0x08000da5   Thumb Code    16  main.o(i.LL_RCC_EnableRTC)
    i.LL_RCC_ForceBackupDomainReset          0x08000db8   Section        0  main.o(i.LL_RCC_ForceBackupDomainReset)
    LL_RCC_ForceBackupDomainReset            0x08000db9   Thumb Code    16  main.o(i.LL_RCC_ForceBackupDomainReset)
    i.LL_RCC_GetLPUARTClockFreq              0x08000dcc   Section        0  stm32l0xx_ll_rcc.o(i.LL_RCC_GetLPUARTClockFreq)
    i.LL_RCC_GetSysClkSource                 0x08000e48   Section        0  main.o(i.LL_RCC_GetSysClkSource)
    LL_RCC_GetSysClkSource                   0x08000e49   Thumb Code    10  main.o(i.LL_RCC_GetSysClkSource)
    i.LL_RCC_HSI_Enable                      0x08000e58   Section        0  main.o(i.LL_RCC_HSI_Enable)
    LL_RCC_HSI_Enable                        0x08000e59   Thumb Code    14  main.o(i.LL_RCC_HSI_Enable)
    i.LL_RCC_HSI_IsReady                     0x08000e6c   Section        0  main.o(i.LL_RCC_HSI_IsReady)
    LL_RCC_HSI_IsReady                       0x08000e6d   Thumb Code    12  main.o(i.LL_RCC_HSI_IsReady)
    i.LL_RCC_HSI_IsReady                     0x08000e7c   Section        0  stm32l0xx_ll_rcc.o(i.LL_RCC_HSI_IsReady)
    LL_RCC_HSI_IsReady                       0x08000e7d   Thumb Code    12  stm32l0xx_ll_rcc.o(i.LL_RCC_HSI_IsReady)
    i.LL_RCC_HSI_SetCalibTrimming            0x08000e8c   Section        0  main.o(i.LL_RCC_HSI_SetCalibTrimming)
    LL_RCC_HSI_SetCalibTrimming              0x08000e8d   Thumb Code    20  main.o(i.LL_RCC_HSI_SetCalibTrimming)
    i.LL_RCC_IsActiveFlag_HSIDIV             0x08000ea4   Section        0  stm32l0xx_ll_rcc.o(i.LL_RCC_IsActiveFlag_HSIDIV)
    LL_RCC_IsActiveFlag_HSIDIV               0x08000ea5   Thumb Code    12  stm32l0xx_ll_rcc.o(i.LL_RCC_IsActiveFlag_HSIDIV)
    i.LL_RCC_LSE_Enable                      0x08000eb4   Section        0  main.o(i.LL_RCC_LSE_Enable)
    LL_RCC_LSE_Enable                        0x08000eb5   Thumb Code    16  main.o(i.LL_RCC_LSE_Enable)
    i.LL_RCC_LSE_IsReady                     0x08000ec8   Section        0  main.o(i.LL_RCC_LSE_IsReady)
    LL_RCC_LSE_IsReady                       0x08000ec9   Thumb Code    14  main.o(i.LL_RCC_LSE_IsReady)
    i.LL_RCC_LSE_IsReady                     0x08000edc   Section        0  stm32l0xx_ll_rcc.o(i.LL_RCC_LSE_IsReady)
    LL_RCC_LSE_IsReady                       0x08000edd   Thumb Code    14  stm32l0xx_ll_rcc.o(i.LL_RCC_LSE_IsReady)
    i.LL_RCC_LSE_SetDriveCapability          0x08000ef0   Section        0  main.o(i.LL_RCC_LSE_SetDriveCapability)
    LL_RCC_LSE_SetDriveCapability            0x08000ef1   Thumb Code    18  main.o(i.LL_RCC_LSE_SetDriveCapability)
    i.LL_RCC_MSI_GetRange                    0x08000f08   Section        0  stm32l0xx_ll_rcc.o(i.LL_RCC_MSI_GetRange)
    LL_RCC_MSI_GetRange                      0x08000f09   Thumb Code    12  stm32l0xx_ll_rcc.o(i.LL_RCC_MSI_GetRange)
    i.LL_RCC_PLL_ConfigDomain_SYS            0x08000f18   Section        0  main.o(i.LL_RCC_PLL_ConfigDomain_SYS)
    LL_RCC_PLL_ConfigDomain_SYS              0x08000f19   Thumb Code    26  main.o(i.LL_RCC_PLL_ConfigDomain_SYS)
    i.LL_RCC_PLL_Enable                      0x08000f38   Section        0  main.o(i.LL_RCC_PLL_Enable)
    LL_RCC_PLL_Enable                        0x08000f39   Thumb Code    16  main.o(i.LL_RCC_PLL_Enable)
    i.LL_RCC_PLL_IsReady                     0x08000f4c   Section        0  main.o(i.LL_RCC_PLL_IsReady)
    LL_RCC_PLL_IsReady                       0x08000f4d   Thumb Code    14  main.o(i.LL_RCC_PLL_IsReady)
    i.LL_RCC_ReleaseBackupDomainReset        0x08000f60   Section        0  main.o(i.LL_RCC_ReleaseBackupDomainReset)
    LL_RCC_ReleaseBackupDomainReset          0x08000f61   Thumb Code    16  main.o(i.LL_RCC_ReleaseBackupDomainReset)
    i.LL_RCC_SetAHBPrescaler                 0x08000f74   Section        0  main.o(i.LL_RCC_SetAHBPrescaler)
    LL_RCC_SetAHBPrescaler                   0x08000f75   Thumb Code    16  main.o(i.LL_RCC_SetAHBPrescaler)
    i.LL_RCC_SetAPB1Prescaler                0x08000f88   Section        0  main.o(i.LL_RCC_SetAPB1Prescaler)
    LL_RCC_SetAPB1Prescaler                  0x08000f89   Thumb Code    18  main.o(i.LL_RCC_SetAPB1Prescaler)
    i.LL_RCC_SetAPB2Prescaler                0x08000fa0   Section        0  main.o(i.LL_RCC_SetAPB2Prescaler)
    LL_RCC_SetAPB2Prescaler                  0x08000fa1   Thumb Code    18  main.o(i.LL_RCC_SetAPB2Prescaler)
    i.LL_RCC_SetI2CClockSource               0x08000fb8   Section        0  main.o(i.LL_RCC_SetI2CClockSource)
    LL_RCC_SetI2CClockSource                 0x08000fb9   Thumb Code    26  main.o(i.LL_RCC_SetI2CClockSource)
    i.LL_RCC_SetLPTIMClockSource             0x08000fd8   Section        0  main.o(i.LL_RCC_SetLPTIMClockSource)
    LL_RCC_SetLPTIMClockSource               0x08000fd9   Thumb Code    18  main.o(i.LL_RCC_SetLPTIMClockSource)
    i.LL_RCC_SetLPUARTClockSource            0x08000ff0   Section        0  main.o(i.LL_RCC_SetLPUARTClockSource)
    LL_RCC_SetLPUARTClockSource              0x08000ff1   Thumb Code    18  main.o(i.LL_RCC_SetLPUARTClockSource)
    i.LL_RCC_SetRTCClockSource               0x08001008   Section        0  main.o(i.LL_RCC_SetRTCClockSource)
    LL_RCC_SetRTCClockSource                 0x08001009   Thumb Code    18  main.o(i.LL_RCC_SetRTCClockSource)
    i.LL_RCC_SetSysClkSource                 0x08001020   Section        0  main.o(i.LL_RCC_SetSysClkSource)
    LL_RCC_SetSysClkSource                   0x08001021   Thumb Code    16  main.o(i.LL_RCC_SetSysClkSource)
    i.LL_RTC_DATE_Config                     0x08001034   Section        0  stm32l0xx_ll_rtc.o(i.LL_RTC_DATE_Config)
    LL_RTC_DATE_Config                       0x08001035   Thumb Code    62  stm32l0xx_ll_rtc.o(i.LL_RTC_DATE_Config)
    i.LL_RTC_DATE_Init                       0x08001078   Section        0  stm32l0xx_ll_rtc.o(i.LL_RTC_DATE_Init)
    i.LL_RTC_DisableInitMode                 0x0800114c   Section        0  stm32l0xx_ll_rtc.o(i.LL_RTC_DisableInitMode)
    LL_RTC_DisableInitMode                   0x0800114d   Thumb Code     8  stm32l0xx_ll_rtc.o(i.LL_RTC_DisableInitMode)
    i.LL_RTC_DisableWriteProtection          0x08001154   Section        0  stm32l0xx_ll_rtc.o(i.LL_RTC_DisableWriteProtection)
    LL_RTC_DisableWriteProtection            0x08001155   Thumb Code    10  stm32l0xx_ll_rtc.o(i.LL_RTC_DisableWriteProtection)
    i.LL_RTC_EnableWriteProtection           0x0800115e   Section        0  stm32l0xx_ll_rtc.o(i.LL_RTC_EnableWriteProtection)
    LL_RTC_EnableWriteProtection             0x0800115f   Thumb Code     6  stm32l0xx_ll_rtc.o(i.LL_RTC_EnableWriteProtection)
    i.LL_RTC_EnterInitMode                   0x08001164   Section        0  stm32l0xx_ll_rtc.o(i.LL_RTC_EnterInitMode)
    i.LL_RTC_GetHourFormat                   0x080011b8   Section        0  stm32l0xx_ll_rtc.o(i.LL_RTC_GetHourFormat)
    LL_RTC_GetHourFormat                     0x080011b9   Thumb Code    10  stm32l0xx_ll_rtc.o(i.LL_RTC_GetHourFormat)
    i.LL_RTC_Init                            0x080011c2   Section        0  stm32l0xx_ll_rtc.o(i.LL_RTC_Init)
    i.LL_RTC_IsActiveFlag_INIT               0x0800121a   Section        0  stm32l0xx_ll_rtc.o(i.LL_RTC_IsActiveFlag_INIT)
    LL_RTC_IsActiveFlag_INIT                 0x0800121b   Thumb Code    12  stm32l0xx_ll_rtc.o(i.LL_RTC_IsActiveFlag_INIT)
    i.LL_RTC_IsActiveFlag_RS                 0x08001226   Section        0  stm32l0xx_ll_rtc.o(i.LL_RTC_IsActiveFlag_RS)
    LL_RTC_IsActiveFlag_RS                   0x08001227   Thumb Code    12  stm32l0xx_ll_rtc.o(i.LL_RTC_IsActiveFlag_RS)
    i.LL_RTC_IsShadowRegBypassEnabled        0x08001232   Section        0  stm32l0xx_ll_rtc.o(i.LL_RTC_IsShadowRegBypassEnabled)
    LL_RTC_IsShadowRegBypassEnabled          0x08001233   Thumb Code    12  stm32l0xx_ll_rtc.o(i.LL_RTC_IsShadowRegBypassEnabled)
    i.LL_RTC_TIME_Config                     0x08001240   Section        0  stm32l0xx_ll_rtc.o(i.LL_RTC_TIME_Config)
    LL_RTC_TIME_Config                       0x08001241   Thumb Code    60  stm32l0xx_ll_rtc.o(i.LL_RTC_TIME_Config)
    i.LL_RTC_TIME_Init                       0x08001280   Section        0  stm32l0xx_ll_rtc.o(i.LL_RTC_TIME_Init)
    i.LL_RTC_WaitForSynchro                  0x08001360   Section        0  stm32l0xx_ll_rtc.o(i.LL_RTC_WaitForSynchro)
    i.LL_SPI_Init                            0x080013f0   Section        0  stm32l0xx_ll_spi.o(i.LL_SPI_Init)
    i.LL_SYSTICK_IsActiveCounterFlag         0x0800145c   Section        0  stm32l0xx_ll_rtc.o(i.LL_SYSTICK_IsActiveCounterFlag)
    LL_SYSTICK_IsActiveCounterFlag           0x0800145d   Thumb Code    14  stm32l0xx_ll_rtc.o(i.LL_SYSTICK_IsActiveCounterFlag)
    i.LL_SetSystemCoreClock                  0x08001470   Section        0  stm32l0xx_ll_utils.o(i.LL_SetSystemCoreClock)
    i.LL_mDelay                              0x0800147c   Section        0  stm32l0xx_ll_utils.o(i.LL_mDelay)
    i.LPTIM1_Counter_Start_IT                0x080014ac   Section        0  lptim.o(i.LPTIM1_Counter_Start_IT)
    i.LPTIM1_IRQHandler                      0x080014f8   Section        0  stm32l0xx_it.o(i.LPTIM1_IRQHandler)
    i.LPUART1_IRQHandler                     0x08001514   Section        0  stm32l0xx_it.o(i.LPUART1_IRQHandler)
    i.LPUART_DMA_CONFIG                      0x0800151c   Section        0  gsensortosflash_process.o(i.LPUART_DMA_CONFIG)
    i.LPUART_RxIdleCallback                  0x08001608   Section        0  gsensortosflash_process.o(i.LPUART_RxIdleCallback)
    i.LP_TimeHandle                          0x08001670   Section        0  gsensortosflash_process.o(i.LP_TimeHandle)
    i.LowPowerDetect                         0x08001714   Section        0  gsensortosflash_process.o(i.LowPowerDetect)
    i.MX_DMA_Init                            0x08001750   Section        0  dma.o(i.MX_DMA_Init)
    i.MX_GPIO_Init                           0x0800178c   Section        0  gpio.o(i.MX_GPIO_Init)
    i.MX_I2C1_Init                           0x080018b0   Section        0  i2c.o(i.MX_I2C1_Init)
    i.MX_LPTIM1_Init                         0x080019e4   Section        0  lptim.o(i.MX_LPTIM1_Init)
    i.MX_LPUART1_UART_Init_1                 0x08001a98   Section        0  usart.o(i.MX_LPUART1_UART_Init_1)
    i.MX_RTC_Init                            0x08001bd0   Section        0  rtc.o(i.MX_RTC_Init)
    i.MX_SPI1_Init                           0x08001c40   Section        0  spi.o(i.MX_SPI1_Init)
    i.NMI_Handler                            0x08001d44   Section        0  stm32l0xx_it.o(i.NMI_Handler)
    i.NVIC_EnableIRQ                         0x08001d48   Section        0  dma.o(i.NVIC_EnableIRQ)
    NVIC_EnableIRQ                           0x08001d49   Thumb Code    14  dma.o(i.NVIC_EnableIRQ)
    i.NVIC_EnableIRQ                         0x08001d5c   Section        0  usart.o(i.NVIC_EnableIRQ)
    NVIC_EnableIRQ                           0x08001d5d   Thumb Code    14  usart.o(i.NVIC_EnableIRQ)
    i.NVIC_SetPriority                       0x08001d70   Section        0  dma.o(i.NVIC_SetPriority)
    NVIC_SetPriority                         0x08001d71   Thumb Code   110  dma.o(i.NVIC_SetPriority)
    i.NVIC_SetPriority                       0x08001de8   Section        0  gpio.o(i.NVIC_SetPriority)
    NVIC_SetPriority                         0x08001de9   Thumb Code   110  gpio.o(i.NVIC_SetPriority)
    i.NVIC_SetPriority                       0x08001e60   Section        0  i2c.o(i.NVIC_SetPriority)
    NVIC_SetPriority                         0x08001e61   Thumb Code   110  i2c.o(i.NVIC_SetPriority)
    i.NVIC_SetPriority                       0x08001ed8   Section        0  lptim.o(i.NVIC_SetPriority)
    NVIC_SetPriority                         0x08001ed9   Thumb Code   110  lptim.o(i.NVIC_SetPriority)
    i.NVIC_SetPriority                       0x08001f50   Section        0  usart.o(i.NVIC_SetPriority)
    NVIC_SetPriority                         0x08001f51   Thumb Code   110  usart.o(i.NVIC_SetPriority)
    i.NVIC_SetPriority                       0x08001fc8   Section        0  spi.o(i.NVIC_SetPriority)
    NVIC_SetPriority                         0x08001fc9   Thumb Code   110  spi.o(i.NVIC_SetPriority)
    i.PendSV_Handler                         0x08002040   Section        0  stm32l0xx_it.o(i.PendSV_Handler)
    i.QueueToBuffer                          0x08002044   Section        0  arrayqueue.o(i.QueueToBuffer)
    i.RCC_GetHCLKClockFreq                   0x08002064   Section        0  stm32l0xx_ll_rcc.o(i.RCC_GetHCLKClockFreq)
    i.RCC_GetPCLK1ClockFreq                  0x08002088   Section        0  stm32l0xx_ll_rcc.o(i.RCC_GetPCLK1ClockFreq)
    i.RCC_GetSystemClockFreq                 0x080020ac   Section        0  stm32l0xx_ll_rcc.o(i.RCC_GetSystemClockFreq)
    i.RCC_PLL_GetFreqDomain_SYS              0x0800211c   Section        0  stm32l0xx_ll_rcc.o(i.RCC_PLL_GetFreqDomain_SYS)
    i.SPI1_IRQHandler                        0x08002188   Section        0  stm32l0xx_it.o(i.SPI1_IRQHandler)
    i.SPI1_ReadWriteByte                     0x0800218c   Section        0  w25q128.o(i.SPI1_ReadWriteByte)
    i.SVC_Handler                            0x080021e8   Section        0  stm32l0xx_it.o(i.SVC_Handler)
    i.SysTick_Handler                        0x080021ea   Section        0  stm32l0xx_it.o(i.SysTick_Handler)
    i.SystemClock_Config_1                   0x080021ec   Section        0  main.o(i.SystemClock_Config_1)
    i.SystemInit                             0x080022bc   Section        0  system_stm32l0xx.o(i.SystemInit)
    i.W25QXX_CS                              0x08002324   Section        0  w25q128.o(i.W25QXX_CS)
    i.W25QXX_Erase_Chip                      0x08002344   Section        0  w25q128.o(i.W25QXX_Erase_Chip)
    i.W25QXX_Init                            0x08002368   Section        0  w25q128.o(i.W25QXX_Init)
    i.W25QXX_Read                            0x080023a4   Section        0  w25q128.o(i.W25QXX_Read)
    i.W25QXX_ReadID                          0x080023ea   Section        0  w25q128.o(i.W25QXX_ReadID)
    i.W25QXX_ReadSR                          0x08002428   Section        0  w25q128.o(i.W25QXX_ReadSR)
    i.W25QXX_Wait_Busy                       0x0800244a   Section        0  w25q128.o(i.W25QXX_Wait_Busy)
    i.W25QXX_Write_Enable                    0x0800245c   Section        0  w25q128.o(i.W25QXX_Write_Enable)
    i.W25QXX_Write_NoCheck                   0x08002472   Section        0  w25q128.o(i.W25QXX_Write_NoCheck)
    i.W25QXX_Write_Page                      0x080024b6   Section        0  w25q128.o(i.W25QXX_Write_Page)
    i.WriteDataToSflash                      0x08002504   Section        0  gsensortosflash_process.o(i.WriteDataToSflash)
    i.__ARM_common_ll_muluu                  0x08002580   Section        0  stm32l0xx_ll_lpuart.o(i.__ARM_common_ll_muluu)
    i.__ARM_common_switch8                   0x080025b0   Section        0  accelerometer_bma253.o(i.__ARM_common_switch8)
    i.__scatterload_copy                     0x080025cc   Section       14  handlers.o(i.__scatterload_copy)
    i.__scatterload_null                     0x080025da   Section        2  handlers.o(i.__scatterload_null)
    i.__scatterload_zeroinit                 0x080025dc   Section       14  handlers.o(i.__scatterload_zeroinit)
    i.accelerometer_accel_get                0x080025ea   Section        0  accelerometer_bma253.o(i.accelerometer_accel_get)
    i.accelerometer_filter_bandwidth_set     0x0800268c   Section        0  accelerometer_bma253.o(i.accelerometer_filter_bandwidth_set)
    i.accelerometer_init                     0x080026c0   Section        0  accelerometer_bma253.o(i.accelerometer_init)
    i.accelerometer_int_enable               0x08002724   Section        0  accelerometer_bma253.o(i.accelerometer_int_enable)
    i.accelerometer_int_map_to_pin1          0x080027d4   Section        0  accelerometer_bma253.o(i.accelerometer_int_map_to_pin1)
    i.accelerometer_int_mode_set             0x08002884   Section        0  accelerometer_bma253.o(i.accelerometer_int_mode_set)
    i.accelerometer_int_out_ctrl             0x080028ac   Section        0  accelerometer_bma253.o(i.accelerometer_int_out_ctrl)
    i.accelerometer_power_mode_set           0x08002922   Section        0  accelerometer_bma253.o(i.accelerometer_power_mode_set)
    i.accelerometer_probe                    0x08002984   Section        0  accelerometer_bma253.o(i.accelerometer_probe)
    i.accelerometer_range_set                0x080029a6   Section        0  accelerometer_bma253.o(i.accelerometer_range_set)
    i.accelerometer_soft_reset               0x080029e6   Section        0  accelerometer_bma253.o(i.accelerometer_soft_reset)
    i.isFull                                 0x08002a00   Section        0  arrayqueue.o(i.isFull)
    i.main                                   0x08002a28   Section        0  main.o(i.main)
    .constdata                               0x08002ac0   Section      152  accelerometer_bma253.o(.constdata)
    CHANNEL_OFFSET_TAB                       0x08002ac0   Data           5  accelerometer_bma253.o(.constdata)
    .constdata                               0x08002b58   Section        5  gsensortosflash_process.o(.constdata)
    CHANNEL_OFFSET_TAB                       0x08002b58   Data           5  gsensortosflash_process.o(.constdata)
    .constdata                               0x08002b5d   Section        5  usart.o(.constdata)
    CHANNEL_OFFSET_TAB                       0x08002b5d   Data           5  usart.o(.constdata)
    .constdata                               0x08002b62   Section       33  system_stm32l0xx.o(.constdata)
    .data                                    0x20000000   Section       28  gsensortosflash_process.o(.data)
    Ctr                                      0x20000018   Data           1  gsensortosflash_process.o(.data)
    Ctr1                                     0x20000019   Data           1  gsensortosflash_process.o(.data)
    Ctr2                                     0x2000001a   Data           1  gsensortosflash_process.o(.data)
    Ctr3                                     0x2000001b   Data           1  gsensortosflash_process.o(.data)
    .data                                    0x2000001c   Section        3  w25q128.o(.data)
    .data                                    0x20000020   Section        4  system_stm32l0xx.o(.data)
    .bss                                     0x20000024   Section      260  arrayqueue.o(.bss)
    .bss                                     0x20000128   Section      532  gsensortosflash_process.o(.bss)
    STACK                                    0x20000340   Section     1024  startup_stm32l010x4.o(STACK)

    Global Symbols

    Symbol Name                              Value     Ov Type        Size  Object(Section)

    BuildAttributes$$THM_ISAv3M$S$PE$A:L22$X:L11$S22$IEEE1$IW$USESV6$~STKCKD$USESV7$~SHL$OSPACE$EBA8$MICROLIB$REQ8$PRES8$EABIv2 0x00000000   Number         0  anon$$obj.o ABSOLUTE
    __ARM_use_no_argv                        0x00000000   Number         0  main.o ABSOLUTE
    __cpp_initialize__aeabi_                  - Undefined Weak Reference
    __cxa_finalize                            - Undefined Weak Reference
    __decompress                              - Undefined Weak Reference
    _clock_init                               - Undefined Weak Reference
    _microlib_exit                            - Undefined Weak Reference
    __Vectors_Size                           0x000000c0   Number         0  startup_stm32l010x4.o ABSOLUTE
    __Vectors                                0x08000000   Data           4  startup_stm32l010x4.o(RESET)
    __Vectors_End                            0x080000c0   Data           0  startup_stm32l010x4.o(RESET)
    __main                                   0x080000c1   Thumb Code     0  entry.o(.ARM.Collect$$$$00000000)
    _main_stk                                0x080000c1   Thumb Code     0  entry2.o(.ARM.Collect$$$$00000001)
    _main_scatterload                        0x080000c5   Thumb Code     0  entry5.o(.ARM.Collect$$$$00000004)
    __main_after_scatterload                 0x080000c9   Thumb Code     0  entry5.o(.ARM.Collect$$$$00000004)
    _main_clock                              0x080000c9   Thumb Code     0  entry7b.o(.ARM.Collect$$$$00000008)
    _main_cpp_init                           0x080000c9   Thumb Code     0  entry8b.o(.ARM.Collect$$$$0000000A)
    _main_init                               0x080000c9   Thumb Code     0  entry9a.o(.ARM.Collect$$$$0000000B)
    __rt_final_cpp                           0x080000d1   Thumb Code     0  entry10a.o(.ARM.Collect$$$$0000000D)
    __rt_final_exit                          0x080000d1   Thumb Code     0  entry11a.o(.ARM.Collect$$$$0000000F)
    Reset_Handler                            0x080000d5   Thumb Code    38  startup_stm32l010x4.o(.text)
    ADC1_IRQHandler                          0x08000105   Thumb Code     0  startup_stm32l010x4.o(.text)
    DMA1_Channel1_IRQHandler                 0x08000105   Thumb Code     0  startup_stm32l010x4.o(.text)
    EXTI0_1_IRQHandler                       0x08000105   Thumb Code     0  startup_stm32l010x4.o(.text)
    EXTI4_15_IRQHandler                      0x08000105   Thumb Code     0  startup_stm32l010x4.o(.text)
    FLASH_IRQHandler                         0x08000105   Thumb Code     0  startup_stm32l010x4.o(.text)
    RCC_IRQHandler                           0x08000105   Thumb Code     0  startup_stm32l010x4.o(.text)
    RTC_IRQHandler                           0x08000105   Thumb Code     0  startup_stm32l010x4.o(.text)
    TIM21_IRQHandler                         0x08000105   Thumb Code     0  startup_stm32l010x4.o(.text)
    TIM2_IRQHandler                          0x08000105   Thumb Code     0  startup_stm32l010x4.o(.text)
    USART2_IRQHandler                        0x08000105   Thumb Code     0  startup_stm32l010x4.o(.text)
    WWDG_IRQHandler                          0x08000105   Thumb Code     0  startup_stm32l010x4.o(.text)
    __aeabi_uidiv                            0x0800012d   Thumb Code     0  uidiv.o(.text)
    __aeabi_uidivmod                         0x0800012d   Thumb Code    44  uidiv.o(.text)
    __aeabi_uldivmod                         0x08000159   Thumb Code    96  uldiv.o(.text)
    __aeabi_memcpy                           0x080001b9   Thumb Code    36  memcpya.o(.text)
    __aeabi_memcpy4                          0x080001b9   Thumb Code     0  memcpya.o(.text)
    __aeabi_memcpy8                          0x080001b9   Thumb Code     0  memcpya.o(.text)
    __aeabi_memset                           0x080001dd   Thumb Code    14  memseta.o(.text)
    __aeabi_memset4                          0x080001dd   Thumb Code     0  memseta.o(.text)
    __aeabi_memset8                          0x080001dd   Thumb Code     0  memseta.o(.text)
    __aeabi_memclr                           0x080001eb   Thumb Code     4  memseta.o(.text)
    __aeabi_memclr4                          0x080001eb   Thumb Code     0  memseta.o(.text)
    __aeabi_memclr8                          0x080001eb   Thumb Code     0  memseta.o(.text)
    _memset$wrapper                          0x080001ef   Thumb Code    18  memseta.o(.text)
    strstr                                   0x08000201   Thumb Code    40  strstr.o(.text)
    __aeabi_llsl                             0x08000229   Thumb Code    32  llshl.o(.text)
    _ll_shift_l                              0x08000229   Thumb Code     0  llshl.o(.text)
    __aeabi_llsr                             0x08000249   Thumb Code    34  llushr.o(.text)
    _ll_ushift_r                             0x08000249   Thumb Code     0  llushr.o(.text)
    __scatterload                            0x0800026d   Thumb Code    28  init.o(.text)
    __scatterload_rt2                        0x0800026d   Thumb Code     0  init.o(.text)
    AT_command_process                       0x08000291   Thumb Code   232  gsensortosflash_process.o(i.AT_command_process)
    AccelerometerDataGet                     0x080003ad   Thumb Code   134  gsensortosflash_process.o(i.AccelerometerDataGet)
    BMA253_I2C_Init                          0x0800043d   Thumb Code    20  accelerometer_bma253_iic.o(i.BMA253_I2C_Init)
    BMA253_ReadByte                          0x08000455   Thumb Code   224  accelerometer_bma253_iic.o(i.BMA253_ReadByte)
    BMA253_WriteByte                         0x0800053d   Thumb Code   164  accelerometer_bma253_iic.o(i.BMA253_WriteByte)
    DMA1_Channel2_3_IRQHandler               0x0800060d   Thumb Code     2  stm32l0xx_it.o(i.DMA1_Channel2_3_IRQHandler)
    DMA1_Channel4_5_IRQHandler               0x0800060f   Thumb Code     8  stm32l0xx_it.o(i.DMA1_Channel4_5_IRQHandler)
    DMA_ISR_Callback                         0x08000619   Thumb Code   112  gsensortosflash_process.o(i.DMA_ISR_Callback)
    DataEnterQueue                           0x0800069d   Thumb Code    32  gsensortosflash_process.o(i.DataEnterQueue)
    EXTI2_3_IRQHandler                       0x080006c5   Thumb Code    34  stm32l0xx_it.o(i.EXTI2_3_IRQHandler)
    EnQueue                                  0x080006ed   Thumb Code    62  arrayqueue.o(i.EnQueue)
    Error_Handler                            0x08000735   Thumb Code     2  main.o(i.Error_Handler)
    GsensorToSflash_Process                  0x08000739   Thumb Code    36  gsensortosflash_process.o(i.GsensorToSflash_Process)
    HardFault_Handler                        0x08000765   Thumb Code     4  stm32l0xx_it.o(i.HardFault_Handler)
    I2C1_IRQHandler                          0x08000769   Thumb Code     2  stm32l0xx_it.o(i.I2C1_IRQHandler)
    InitQueue                                0x0800076d   Thumb Code    10  arrayqueue.o(i.InitQueue)
    LL_EXTI_Init                             0x08000981   Thumb Code   184  stm32l0xx_ll_exti.o(i.LL_EXTI_Init)
    LL_GPIO_Init                             0x08000a51   Thumb Code   254  stm32l0xx_ll_gpio.o(i.LL_GPIO_Init)
    LL_I2C_Init                              0x08000b87   Thumb Code   146  stm32l0xx_ll_i2c.o(i.LL_I2C_Init)
    LL_Init1msTick                           0x08000ca9   Thumb Code    34  stm32l0xx_ll_utils.o(i.LL_Init1msTick)
    LL_LPUART_Init                           0x08000cdd   Thumb Code   146  stm32l0xx_ll_lpuart.o(i.LL_LPUART_Init)
    LL_RCC_GetLPUARTClockFreq                0x08000dcd   Thumb Code   110  stm32l0xx_ll_rcc.o(i.LL_RCC_GetLPUARTClockFreq)
    LL_RTC_DATE_Init                         0x08001079   Thumb Code   208  stm32l0xx_ll_rtc.o(i.LL_RTC_DATE_Init)
    LL_RTC_EnterInitMode                     0x08001165   Thumb Code    84  stm32l0xx_ll_rtc.o(i.LL_RTC_EnterInitMode)
    LL_RTC_Init                              0x080011c3   Thumb Code    88  stm32l0xx_ll_rtc.o(i.LL_RTC_Init)
    LL_RTC_TIME_Init                         0x08001281   Thumb Code   220  stm32l0xx_ll_rtc.o(i.LL_RTC_TIME_Init)
    LL_RTC_WaitForSynchro                    0x08001361   Thumb Code   144  stm32l0xx_ll_rtc.o(i.LL_RTC_WaitForSynchro)
    LL_SPI_Init                              0x080013f1   Thumb Code   102  stm32l0xx_ll_spi.o(i.LL_SPI_Init)
    LL_SetSystemCoreClock                    0x08001471   Thumb Code     6  stm32l0xx_ll_utils.o(i.LL_SetSystemCoreClock)
    LL_mDelay                                0x0800147d   Thumb Code    42  stm32l0xx_ll_utils.o(i.LL_mDelay)
    LPTIM1_Counter_Start_IT                  0x080014ad   Thumb Code    68  lptim.o(i.LPTIM1_Counter_Start_IT)
    LPTIM1_IRQHandler                        0x080014f9   Thumb Code    24  stm32l0xx_it.o(i.LPTIM1_IRQHandler)
    LPUART1_IRQHandler                       0x08001515   Thumb Code     8  stm32l0xx_it.o(i.LPUART1_IRQHandler)
    LPUART_DMA_CONFIG                        0x0800151d   Thumb Code   216  gsensortosflash_process.o(i.LPUART_DMA_CONFIG)
    LPUART_RxIdleCallback                    0x08001609   Thumb Code    88  gsensortosflash_process.o(i.LPUART_RxIdleCallback)
    LP_TimeHandle                            0x08001671   Thumb Code   124  gsensortosflash_process.o(i.LP_TimeHandle)
    LowPowerDetect                           0x08001715   Thumb Code    54  gsensortosflash_process.o(i.LowPowerDetect)
    MX_DMA_Init                              0x08001751   Thumb Code    56  dma.o(i.MX_DMA_Init)
    MX_GPIO_Init                             0x0800178d   Thumb Code   278  gpio.o(i.MX_GPIO_Init)
    MX_I2C1_Init                             0x080018b1   Thumb Code   286  i2c.o(i.MX_I2C1_Init)
    MX_LPTIM1_Init                           0x080019e5   Thumb Code   166  lptim.o(i.MX_LPTIM1_Init)
    MX_LPUART1_UART_Init_1                   0x08001a99   Thumb Code   304  usart.o(i.MX_LPUART1_UART_Init_1)
    MX_RTC_Init                              0x08001bd1   Thumb Code   102  rtc.o(i.MX_RTC_Init)
    MX_SPI1_Init                             0x08001c41   Thumb Code   246  spi.o(i.MX_SPI1_Init)
    NMI_Handler                              0x08001d45   Thumb Code     2  stm32l0xx_it.o(i.NMI_Handler)
    PendSV_Handler                           0x08002041   Thumb Code     2  stm32l0xx_it.o(i.PendSV_Handler)
    QueueToBuffer                            0x08002045   Thumb Code    28  arrayqueue.o(i.QueueToBuffer)
    RCC_GetHCLKClockFreq                     0x08002065   Thumb Code    26  stm32l0xx_ll_rcc.o(i.RCC_GetHCLKClockFreq)
    RCC_GetPCLK1ClockFreq                    0x08002089   Thumb Code    26  stm32l0xx_ll_rcc.o(i.RCC_GetPCLK1ClockFreq)
    RCC_GetSystemClockFreq                   0x080020ad   Thumb Code    96  stm32l0xx_ll_rcc.o(i.RCC_GetSystemClockFreq)
    RCC_PLL_GetFreqDomain_SYS                0x0800211d   Thumb Code    86  stm32l0xx_ll_rcc.o(i.RCC_PLL_GetFreqDomain_SYS)
    SPI1_IRQHandler                          0x08002189   Thumb Code     2  stm32l0xx_it.o(i.SPI1_IRQHandler)
    SPI1_ReadWriteByte                       0x0800218d   Thumb Code    82  w25q128.o(i.SPI1_ReadWriteByte)
    SVC_Handler                              0x080021e9   Thumb Code     2  stm32l0xx_it.o(i.SVC_Handler)
    SysTick_Handler                          0x080021eb   Thumb Code     2  stm32l0xx_it.o(i.SysTick_Handler)
    SystemClock_Config_1                     0x080021ed   Thumb Code   194  main.o(i.SystemClock_Config_1)
    SystemInit                               0x080022bd   Thumb Code    88  system_stm32l0xx.o(i.SystemInit)
    W25QXX_CS                                0x08002325   Thumb Code    26  w25q128.o(i.W25QXX_CS)
    W25QXX_Erase_Chip                        0x08002345   Thumb Code    34  w25q128.o(i.W25QXX_Erase_Chip)
    W25QXX_Init                              0x08002369   Thumb Code    46  w25q128.o(i.W25QXX_Init)
    W25QXX_Read                              0x080023a5   Thumb Code    70  w25q128.o(i.W25QXX_Read)
    W25QXX_ReadID                            0x080023eb   Thumb Code    62  w25q128.o(i.W25QXX_ReadID)
    W25QXX_ReadSR                            0x08002429   Thumb Code    34  w25q128.o(i.W25QXX_ReadSR)
    W25QXX_Wait_Busy                         0x0800244b   Thumb Code    18  w25q128.o(i.W25QXX_Wait_Busy)
    W25QXX_Write_Enable                      0x0800245d   Thumb Code    22  w25q128.o(i.W25QXX_Write_Enable)
    W25QXX_Write_NoCheck                     0x08002473   Thumb Code    68  w25q128.o(i.W25QXX_Write_NoCheck)
    W25QXX_Write_Page                        0x080024b7   Thumb Code    76  w25q128.o(i.W25QXX_Write_Page)
    WriteDataToSflash                        0x08002505   Thumb Code   102  gsensortosflash_process.o(i.WriteDataToSflash)
    __ARM_common_ll_muluu                    0x08002581   Thumb Code    48  stm32l0xx_ll_lpuart.o(i.__ARM_common_ll_muluu)
    __ARM_common_switch8                     0x080025b1   Thumb Code    28  accelerometer_bma253.o(i.__ARM_common_switch8)
    __scatterload_copy                       0x080025cd   Thumb Code    14  handlers.o(i.__scatterload_copy)
    __scatterload_null                       0x080025db   Thumb Code     2  handlers.o(i.__scatterload_null)
    __scatterload_zeroinit                   0x080025dd   Thumb Code    14  handlers.o(i.__scatterload_zeroinit)
    accelerometer_accel_get                  0x080025eb   Thumb Code   160  accelerometer_bma253.o(i.accelerometer_accel_get)
    accelerometer_filter_bandwidth_set       0x0800268d   Thumb Code    42  accelerometer_bma253.o(i.accelerometer_filter_bandwidth_set)
    accelerometer_init                       0x080026c1   Thumb Code   100  accelerometer_bma253.o(i.accelerometer_init)
    accelerometer_int_enable                 0x08002725   Thumb Code   170  accelerometer_bma253.o(i.accelerometer_int_enable)
    accelerometer_int_map_to_pin1            0x080027d5   Thumb Code   170  accelerometer_bma253.o(i.accelerometer_int_map_to_pin1)
    accelerometer_int_mode_set               0x08002885   Thumb Code    40  accelerometer_bma253.o(i.accelerometer_int_mode_set)
    accelerometer_int_out_ctrl               0x080028ad   Thumb Code   118  accelerometer_bma253.o(i.accelerometer_int_out_ctrl)
    accelerometer_power_mode_set             0x08002923   Thumb Code    98  accelerometer_bma253.o(i.accelerometer_power_mode_set)
    accelerometer_probe                      0x08002985   Thumb Code    34  accelerometer_bma253.o(i.accelerometer_probe)
    accelerometer_range_set                  0x080029a7   Thumb Code    64  accelerometer_bma253.o(i.accelerometer_range_set)
    accelerometer_soft_reset                 0x080029e7   Thumb Code    24  accelerometer_bma253.o(i.accelerometer_soft_reset)
    isFull                                   0x08002a01   Thumb Code    34  arrayqueue.o(i.isFull)
    main                                     0x08002a29   Thumb Code   148  main.o(i.main)
    AHBPrescTable                            0x08002b62   Data          16  system_stm32l0xx.o(.constdata)
    APBPrescTable                            0x08002b72   Data           8  system_stm32l0xx.o(.constdata)
    PLLMulTable                              0x08002b7a   Data           9  system_stm32l0xx.o(.constdata)
    Region$$Table$$Base                      0x08002b84   Number         0  anon$$obj.o(Region$$Table)
    Region$$Table$$Limit                     0x08002ba4   Number         0  anon$$obj.o(Region$$Table)
    F_RxComplete                             0x20000000   Data           1  gsensortosflash_process.o(.data)
    F_TxComplete                             0x20000001   Data           1  gsensortosflash_process.o(.data)
    F_32HZ                                   0x20000002   Data           1  gsensortosflash_process.o(.data)
    F_32HZ_1                                 0x20000003   Data           1  gsensortosflash_process.o(.data)
    F_QueueFull                              0x20000004   Data           1  gsensortosflash_process.o(.data)
    F_Sflash_Full                            0x20000005   Data           1  gsensortosflash_process.o(.data)
    F_250MS                                  0x20000006   Data           1  gsensortosflash_process.o(.data)
    F_500MS                                  0x20000007   Data           1  gsensortosflash_process.o(.data)
    F_1S                                     0x20000008   Data           1  gsensortosflash_process.o(.data)
    F_2S                                     0x20000009   Data           1  gsensortosflash_process.o(.data)
    F_EraseChip                              0x2000000a   Data           1  gsensortosflash_process.o(.data)
    F_GetData                                0x2000000b   Data           1  gsensortosflash_process.o(.data)
    F_LowBatt                                0x2000000c   Data           1  gsensortosflash_process.o(.data)
    Address_start                            0x20000010   Data           4  gsensortosflash_process.o(.data)
    Address_current                          0x20000014   Data           4  gsensortosflash_process.o(.data)
    W25QXX_TYPE                              0x2000001c   Data           2  w25q128.o(.data)
    test                                     0x2000001e   Data           1  w25q128.o(.data)
    SystemCoreClock                          0x20000020   Data           4  system_stm32l0xx.o(.data)
    queue                                    0x20000024   Data         260  arrayqueue.o(.bss)
    Usart1_RxBuff                            0x20000128   Data          20  gsensortosflash_process.o(.bss)
    Usart1_TxBuff                            0x2000013c   Data         256  gsensortosflash_process.o(.bss)
    Buffer                                   0x2000023c   Data         256  gsensortosflash_process.o(.bss)
    __initial_sp                             0x20000740   Data           0  startup_stm32l010x4.o(STACK)



==============================================================================

Memory Map of the image

  Image Entry point : 0x080000c1

  Load Region LR_IROM1 (Base: 0x08000000, Size: 0x00002bc8, Max: 0x00004000, ABSOLUTE)

    Execution Region ER_IROM1 (Exec base: 0x08000000, Load base: 0x08000000, Size: 0x00002ba4, Max: 0x00004000, ABSOLUTE)

    Exec Addr    Load Addr    Size         Type   Attr      Idx    E Section Name        Object

    0x08000000   0x08000000   0x000000c0   Data   RO            3    RESET               startup_stm32l010x4.o
    0x080000c0   0x080000c0   0x00000000   Code   RO         2658  * .ARM.Collect$$$$00000000  mc_p.l(entry.o)
    0x080000c0   0x080000c0   0x00000004   Code   RO         2679    .ARM.Collect$$$$00000001  mc_p.l(entry2.o)
    0x080000c4   0x080000c4   0x00000004   Code   RO         2682    .ARM.Collect$$$$00000004  mc_p.l(entry5.o)
    0x080000c8   0x080000c8   0x00000000   Code   RO         2684    .ARM.Collect$$$$00000008  mc_p.l(entry7b.o)
    0x080000c8   0x080000c8   0x00000000   Code   RO         2686    .ARM.Collect$$$$0000000A  mc_p.l(entry8b.o)
    0x080000c8   0x080000c8   0x00000008   Code   RO         2687    .ARM.Collect$$$$0000000B  mc_p.l(entry9a.o)
    0x080000d0   0x080000d0   0x00000000   Code   RO         2689    .ARM.Collect$$$$0000000D  mc_p.l(entry10a.o)
    0x080000d0   0x080000d0   0x00000000   Code   RO         2691    .ARM.Collect$$$$0000000F  mc_p.l(entry11a.o)
    0x080000d0   0x080000d0   0x00000004   Code   RO         2680    .ARM.Collect$$$$00002712  mc_p.l(entry2.o)
    0x080000d4   0x080000d4   0x00000058   Code   RO            4    .text               startup_stm32l010x4.o
    0x0800012c   0x0800012c   0x0000002c   Code   RO         2661    .text               mc_p.l(uidiv.o)
    0x08000158   0x08000158   0x00000060   Code   RO         2665    .text               mc_p.l(uldiv.o)
    0x080001b8   0x080001b8   0x00000024   Code   RO         2669    .text               mc_p.l(memcpya.o)
    0x080001dc   0x080001dc   0x00000024   Code   RO         2671    .text               mc_p.l(memseta.o)
    0x08000200   0x08000200   0x00000028   Code   RO         2673    .text               mc_p.l(strstr.o)
    0x08000228   0x08000228   0x00000020   Code   RO         2693    .text               mc_p.l(llshl.o)
    0x08000248   0x08000248   0x00000022   Code   RO         2695    .text               mc_p.l(llushr.o)
    0x0800026a   0x0800026a   0x00000002   PAD
    0x0800026c   0x0800026c   0x00000024   Code   RO         2697    .text               mc_p.l(init.o)
    0x08000290   0x08000290   0x0000011c   Code   RO          519    i.AT_command_process  gsensortosflash_process.o
    0x080003ac   0x080003ac   0x00000090   Code   RO          520    i.AccelerometerDataGet  gsensortosflash_process.o
    0x0800043c   0x0800043c   0x00000018   Code   RO          345    i.BMA253_I2C_Init   accelerometer_bma253_iic.o
    0x08000454   0x08000454   0x000000e8   Code   RO          346    i.BMA253_ReadByte   accelerometer_bma253_iic.o
    0x0800053c   0x0800053c   0x000000ac   Code   RO          348    i.BMA253_WriteByte  accelerometer_bma253_iic.o
    0x080005e8   0x080005e8   0x00000012   Code   RO           12    i.BMA253_read_byte  accelerometer_bma253.o
    0x080005fa   0x080005fa   0x00000012   Code   RO           13    i.BMA253_write_byte  accelerometer_bma253.o
    0x0800060c   0x0800060c   0x00000002   Code   RO         1329    i.DMA1_Channel2_3_IRQHandler  stm32l0xx_it.o
    0x0800060e   0x0800060e   0x00000008   Code   RO         1330    i.DMA1_Channel4_5_IRQHandler  stm32l0xx_it.o
    0x08000616   0x08000616   0x00000002   PAD
    0x08000618   0x08000618   0x00000084   Code   RO          521    i.DMA_ISR_Callback  gsensortosflash_process.o
    0x0800069c   0x0800069c   0x00000028   Code   RO          522    i.DataEnterQueue    gsensortosflash_process.o
    0x080006c4   0x080006c4   0x00000028   Code   RO         1331    i.EXTI2_3_IRQHandler  stm32l0xx_it.o
    0x080006ec   0x080006ec   0x00000048   Code   RO          457    i.EnQueue           arrayqueue.o
    0x08000734   0x08000734   0x00000002   Code   RO          793    i.Error_Handler     main.o
    0x08000736   0x08000736   0x00000002   PAD
    0x08000738   0x08000738   0x0000002c   Code   RO          523    i.GsensorToSflash_Process  gsensortosflash_process.o
    0x08000764   0x08000764   0x00000004   Code   RO         1332    i.HardFault_Handler  stm32l0xx_it.o
    0x08000768   0x08000768   0x00000002   Code   RO         1333    i.I2C1_IRQHandler   stm32l0xx_it.o
    0x0800076a   0x0800076a   0x00000002   PAD
    0x0800076c   0x0800076c   0x00000010   Code   RO          458    i.InitQueue         arrayqueue.o
    0x0800077c   0x0800077c   0x0000001c   Code   RO         1168    i.LL_APB1_GRP1_EnableClock  usart.o
    0x08000798   0x08000798   0x0000001c   Code   RO          524    i.LL_DMA_DisableChannel  gsensortosflash_process.o
    0x080007b4   0x080007b4   0x0000001c   Code   RO          525    i.LL_DMA_EnableChannel  gsensortosflash_process.o
    0x080007d0   0x080007d0   0x00000020   Code   RO         1169    i.LL_DMA_SetChannelPriorityLevel  usart.o
    0x080007f0   0x080007f0   0x00000024   Code   RO          526    i.LL_DMA_SetDataLength  gsensortosflash_process.o
    0x08000814   0x08000814   0x00000024   Code   RO         1170    i.LL_DMA_SetDataTransferDirection  usart.o
    0x08000838   0x08000838   0x00000014   Code   RO          527    i.LL_DMA_SetMemoryAddress  gsensortosflash_process.o
    0x0800084c   0x0800084c   0x00000020   Code   RO         1171    i.LL_DMA_SetMemoryIncMode  usart.o
    0x0800086c   0x0800086c   0x00000020   Code   RO         1172    i.LL_DMA_SetMemorySize  usart.o
    0x0800088c   0x0800088c   0x00000020   Code   RO         1173    i.LL_DMA_SetMode    usart.o
    0x080008ac   0x080008ac   0x00000014   Code   RO          528    i.LL_DMA_SetPeriphAddress  gsensortosflash_process.o
    0x080008c0   0x080008c0   0x00000020   Code   RO         1174    i.LL_DMA_SetPeriphIncMode  usart.o
    0x080008e0   0x080008e0   0x00000020   Code   RO         1175    i.LL_DMA_SetPeriphRequest  usart.o
    0x08000900   0x08000900   0x00000020   Code   RO         1176    i.LL_DMA_SetPeriphSize  usart.o
    0x08000920   0x08000920   0x00000010   Code   RO         1759    i.LL_EXTI_DisableEvent_0_31  stm32l0xx_ll_exti.o
    0x08000930   0x08000930   0x00000010   Code   RO         1760    i.LL_EXTI_DisableIT_0_31  stm32l0xx_ll_exti.o
    0x08000940   0x08000940   0x00000010   Code   RO         1761    i.LL_EXTI_EnableEvent_0_31  stm32l0xx_ll_exti.o
    0x08000950   0x08000950   0x00000010   Code   RO         1762    i.LL_EXTI_EnableFallingTrig_0_31  stm32l0xx_ll_exti.o
    0x08000960   0x08000960   0x00000010   Code   RO         1763    i.LL_EXTI_EnableIT_0_31  stm32l0xx_ll_exti.o
    0x08000970   0x08000970   0x00000010   Code   RO         1764    i.LL_EXTI_EnableRisingTrig_0_31  stm32l0xx_ll_exti.o
    0x08000980   0x08000980   0x000000bc   Code   RO         1765    i.LL_EXTI_Init      stm32l0xx_ll_exti.o
    0x08000a3c   0x08000a3c   0x00000014   Code   RO          794    i.LL_FLASH_SetLatency  main.o
    0x08000a50   0x08000a50   0x000000fe   Code   RO         1427    i.LL_GPIO_Init      stm32l0xx_ll_gpio.o
    0x08000b4e   0x08000b4e   0x00000004   Code   RO          529    i.LL_GPIO_SetOutputPin  gsensortosflash_process.o
    0x08000b52   0x08000b52   0x00000008   Code   RO          530    i.LL_GPIO_TogglePin  gsensortosflash_process.o
    0x08000b5a   0x08000b5a   0x0000000a   Code   RO          350    i.LL_I2C_Disable    accelerometer_bma253_iic.o
    0x08000b64   0x08000b64   0x0000000a   Code   RO          351    i.LL_I2C_Enable     accelerometer_bma253_iic.o
    0x08000b6e   0x08000b6e   0x0000000c   Code   RO          352    i.LL_I2C_GenerateStartCondition  accelerometer_bma253_iic.o
    0x08000b7a   0x08000b7a   0x0000000c   Code   RO          353    i.LL_I2C_GenerateStopCondition  accelerometer_bma253_iic.o
    0x08000b86   0x08000b86   0x00000092   Code   RO         1520    i.LL_I2C_Init       stm32l0xx_ll_i2c.o
    0x08000c18   0x08000c18   0x0000000c   Code   RO          354    i.LL_I2C_IsActiveFlag_RXNE  accelerometer_bma253_iic.o
    0x08000c24   0x08000c24   0x0000000c   Code   RO          355    i.LL_I2C_IsActiveFlag_TC  accelerometer_bma253_iic.o
    0x08000c30   0x08000c30   0x00000010   Code   RO          356    i.LL_I2C_IsActiveFlag_TXE  accelerometer_bma253_iic.o
    0x08000c40   0x08000c40   0x0000000c   Code   RO          357    i.LL_I2C_SetSlaveAddr  accelerometer_bma253_iic.o
    0x08000c4c   0x08000c4c   0x0000000e   Code   RO          358    i.LL_I2C_SetTransferRequest  accelerometer_bma253_iic.o
    0x08000c5a   0x08000c5a   0x00000010   Code   RO          359    i.LL_I2C_SetTransferSize  accelerometer_bma253_iic.o
    0x08000c6a   0x08000c6a   0x00000004   Code   RO          360    i.LL_I2C_TransmitData8  accelerometer_bma253_iic.o
    0x08000c6e   0x08000c6e   0x00000002   PAD
    0x08000c70   0x08000c70   0x0000001c   Code   RO         1052    i.LL_IOP_GRP1_EnableClock  gpio.o
    0x08000c8c   0x08000c8c   0x0000001c   Code   RO         1177    i.LL_IOP_GRP1_EnableClock  usart.o
    0x08000ca8   0x08000ca8   0x00000028   Code   RO         1660    i.LL_Init1msTick    stm32l0xx_ll_utils.o
    0x08000cd0   0x08000cd0   0x0000000a   Code   RO          531    i.LL_LPUART_EnableDMAReq_TX  gsensortosflash_process.o
    0x08000cda   0x08000cda   0x00000002   PAD
    0x08000cdc   0x08000cdc   0x0000009c   Code   RO         1873    i.LL_LPUART_Init    stm32l0xx_ll_lpuart.o
    0x08000d78   0x08000d78   0x00000014   Code   RO          795    i.LL_PWR_EnableBkUpAccess  main.o
    0x08000d8c   0x08000d8c   0x00000018   Code   RO          796    i.LL_PWR_SetRegulVoltageScaling  main.o
    0x08000da4   0x08000da4   0x00000014   Code   RO          797    i.LL_RCC_EnableRTC  main.o
    0x08000db8   0x08000db8   0x00000014   Code   RO          798    i.LL_RCC_ForceBackupDomainReset  main.o
    0x08000dcc   0x08000dcc   0x0000007c   Code   RO         1560    i.LL_RCC_GetLPUARTClockFreq  stm32l0xx_ll_rcc.o
    0x08000e48   0x08000e48   0x00000010   Code   RO          799    i.LL_RCC_GetSysClkSource  main.o
    0x08000e58   0x08000e58   0x00000014   Code   RO          800    i.LL_RCC_HSI_Enable  main.o
    0x08000e6c   0x08000e6c   0x00000010   Code   RO          801    i.LL_RCC_HSI_IsReady  main.o
    0x08000e7c   0x08000e7c   0x00000010   Code   RO         1563    i.LL_RCC_HSI_IsReady  stm32l0xx_ll_rcc.o
    0x08000e8c   0x08000e8c   0x00000018   Code   RO          802    i.LL_RCC_HSI_SetCalibTrimming  main.o
    0x08000ea4   0x08000ea4   0x00000010   Code   RO         1564    i.LL_RCC_IsActiveFlag_HSIDIV  stm32l0xx_ll_rcc.o
    0x08000eb4   0x08000eb4   0x00000014   Code   RO          803    i.LL_RCC_LSE_Enable  main.o
    0x08000ec8   0x08000ec8   0x00000014   Code   RO          804    i.LL_RCC_LSE_IsReady  main.o
    0x08000edc   0x08000edc   0x00000014   Code   RO         1565    i.LL_RCC_LSE_IsReady  stm32l0xx_ll_rcc.o
    0x08000ef0   0x08000ef0   0x00000018   Code   RO          805    i.LL_RCC_LSE_SetDriveCapability  main.o
    0x08000f08   0x08000f08   0x00000010   Code   RO         1566    i.LL_RCC_MSI_GetRange  stm32l0xx_ll_rcc.o
    0x08000f18   0x08000f18   0x00000020   Code   RO          806    i.LL_RCC_PLL_ConfigDomain_SYS  main.o
    0x08000f38   0x08000f38   0x00000014   Code   RO          807    i.LL_RCC_PLL_Enable  main.o
    0x08000f4c   0x08000f4c   0x00000014   Code   RO          808    i.LL_RCC_PLL_IsReady  main.o
    0x08000f60   0x08000f60   0x00000014   Code   RO          809    i.LL_RCC_ReleaseBackupDomainReset  main.o
    0x08000f74   0x08000f74   0x00000014   Code   RO          810    i.LL_RCC_SetAHBPrescaler  main.o
    0x08000f88   0x08000f88   0x00000018   Code   RO          811    i.LL_RCC_SetAPB1Prescaler  main.o
    0x08000fa0   0x08000fa0   0x00000018   Code   RO          812    i.LL_RCC_SetAPB2Prescaler  main.o
    0x08000fb8   0x08000fb8   0x00000020   Code   RO          813    i.LL_RCC_SetI2CClockSource  main.o
    0x08000fd8   0x08000fd8   0x00000018   Code   RO          814    i.LL_RCC_SetLPTIMClockSource  main.o
    0x08000ff0   0x08000ff0   0x00000018   Code   RO          815    i.LL_RCC_SetLPUARTClockSource  main.o
    0x08001008   0x08001008   0x00000018   Code   RO          816    i.LL_RCC_SetRTCClockSource  main.o
    0x08001020   0x08001020   0x00000014   Code   RO          817    i.LL_RCC_SetSysClkSource  main.o
    0x08001034   0x08001034   0x00000044   Code   RO         1917    i.LL_RTC_DATE_Config  stm32l0xx_ll_rtc.o
    0x08001078   0x08001078   0x000000d4   Code   RO         1918    i.LL_RTC_DATE_Init  stm32l0xx_ll_rtc.o
    0x0800114c   0x0800114c   0x00000008   Code   RO         1921    i.LL_RTC_DisableInitMode  stm32l0xx_ll_rtc.o
    0x08001154   0x08001154   0x0000000a   Code   RO         1922    i.LL_RTC_DisableWriteProtection  stm32l0xx_ll_rtc.o
    0x0800115e   0x0800115e   0x00000006   Code   RO         1923    i.LL_RTC_EnableWriteProtection  stm32l0xx_ll_rtc.o
    0x08001164   0x08001164   0x00000054   Code   RO         1924    i.LL_RTC_EnterInitMode  stm32l0xx_ll_rtc.o
    0x080011b8   0x080011b8   0x0000000a   Code   RO         1926    i.LL_RTC_GetHourFormat  stm32l0xx_ll_rtc.o
    0x080011c2   0x080011c2   0x00000058   Code   RO         1927    i.LL_RTC_Init       stm32l0xx_ll_rtc.o
    0x0800121a   0x0800121a   0x0000000c   Code   RO         1928    i.LL_RTC_IsActiveFlag_INIT  stm32l0xx_ll_rtc.o
    0x08001226   0x08001226   0x0000000c   Code   RO         1929    i.LL_RTC_IsActiveFlag_RS  stm32l0xx_ll_rtc.o
    0x08001232   0x08001232   0x0000000c   Code   RO         1930    i.LL_RTC_IsShadowRegBypassEnabled  stm32l0xx_ll_rtc.o
    0x0800123e   0x0800123e   0x00000002   PAD
    0x08001240   0x08001240   0x00000040   Code   RO         1932    i.LL_RTC_TIME_Config  stm32l0xx_ll_rtc.o
    0x08001280   0x08001280   0x000000e0   Code   RO         1933    i.LL_RTC_TIME_Init  stm32l0xx_ll_rtc.o
    0x08001360   0x08001360   0x00000090   Code   RO         1935    i.LL_RTC_WaitForSynchro  stm32l0xx_ll_rtc.o
    0x080013f0   0x080013f0   0x0000006c   Code   RO         2084    i.LL_SPI_Init       stm32l0xx_ll_spi.o
    0x0800145c   0x0800145c   0x00000014   Code   RO         1936    i.LL_SYSTICK_IsActiveCounterFlag  stm32l0xx_ll_rtc.o
    0x08001470   0x08001470   0x0000000c   Code   RO         1668    i.LL_SetSystemCoreClock  stm32l0xx_ll_utils.o
    0x0800147c   0x0800147c   0x00000030   Code   RO         1669    i.LL_mDelay         stm32l0xx_ll_utils.o
    0x080014ac   0x080014ac   0x0000004c   Code   RO         1129    i.LPTIM1_Counter_Start_IT  lptim.o
    0x080014f8   0x080014f8   0x0000001c   Code   RO         1334    i.LPTIM1_IRQHandler  stm32l0xx_it.o
    0x08001514   0x08001514   0x00000008   Code   RO         1335    i.LPUART1_IRQHandler  stm32l0xx_it.o
    0x0800151c   0x0800151c   0x000000ec   Code   RO          532    i.LPUART_DMA_CONFIG  gsensortosflash_process.o
    0x08001608   0x08001608   0x00000068   Code   RO          534    i.LPUART_RxIdleCallback  gsensortosflash_process.o
    0x08001670   0x08001670   0x000000a4   Code   RO          535    i.LP_TimeHandle     gsensortosflash_process.o
    0x08001714   0x08001714   0x0000003c   Code   RO          536    i.LowPowerDetect    gsensortosflash_process.o
    0x08001750   0x08001750   0x0000003c   Code   RO         1014    i.MX_DMA_Init       dma.o
    0x0800178c   0x0800178c   0x00000124   Code   RO         1053    i.MX_GPIO_Init      gpio.o
    0x080018b0   0x080018b0   0x00000134   Code   RO         1096    i.MX_I2C1_Init      i2c.o
    0x080019e4   0x080019e4   0x000000b4   Code   RO         1130    i.MX_LPTIM1_Init    lptim.o
    0x08001a98   0x08001a98   0x00000138   Code   RO         1179    i.MX_LPUART1_UART_Init_1  usart.o
    0x08001bd0   0x08001bd0   0x00000070   Code   RO         1271    i.MX_RTC_Init       rtc.o
    0x08001c40   0x08001c40   0x00000104   Code   RO         1296    i.MX_SPI1_Init      spi.o
    0x08001d44   0x08001d44   0x00000002   Code   RO         1336    i.NMI_Handler       stm32l0xx_it.o
    0x08001d46   0x08001d46   0x00000002   PAD
    0x08001d48   0x08001d48   0x00000014   Code   RO         1015    i.NVIC_EnableIRQ    dma.o
    0x08001d5c   0x08001d5c   0x00000014   Code   RO         1182    i.NVIC_EnableIRQ    usart.o
    0x08001d70   0x08001d70   0x00000078   Code   RO         1016    i.NVIC_SetPriority  dma.o
    0x08001de8   0x08001de8   0x00000078   Code   RO         1054    i.NVIC_SetPriority  gpio.o
    0x08001e60   0x08001e60   0x00000078   Code   RO         1097    i.NVIC_SetPriority  i2c.o
    0x08001ed8   0x08001ed8   0x00000078   Code   RO         1131    i.NVIC_SetPriority  lptim.o
    0x08001f50   0x08001f50   0x00000078   Code   RO         1183    i.NVIC_SetPriority  usart.o
    0x08001fc8   0x08001fc8   0x00000078   Code   RO         1297    i.NVIC_SetPriority  spi.o
    0x08002040   0x08002040   0x00000002   Code   RO         1337    i.PendSV_Handler    stm32l0xx_it.o
    0x08002042   0x08002042   0x00000002   PAD
    0x08002044   0x08002044   0x00000020   Code   RO          459    i.QueueToBuffer     arrayqueue.o
    0x08002064   0x08002064   0x00000024   Code   RO         1567    i.RCC_GetHCLKClockFreq  stm32l0xx_ll_rcc.o
    0x08002088   0x08002088   0x00000024   Code   RO         1568    i.RCC_GetPCLK1ClockFreq  stm32l0xx_ll_rcc.o
    0x080020ac   0x080020ac   0x00000070   Code   RO         1570    i.RCC_GetSystemClockFreq  stm32l0xx_ll_rcc.o
    0x0800211c   0x0800211c   0x0000006c   Code   RO         1571    i.RCC_PLL_GetFreqDomain_SYS  stm32l0xx_ll_rcc.o
    0x08002188   0x08002188   0x00000002   Code   RO         1338    i.SPI1_IRQHandler   stm32l0xx_it.o
    0x0800218a   0x0800218a   0x00000002   PAD
    0x0800218c   0x0800218c   0x0000005c   Code   RO          663    i.SPI1_ReadWriteByte  w25q128.o
    0x080021e8   0x080021e8   0x00000002   Code   RO         1339    i.SVC_Handler       stm32l0xx_it.o
    0x080021ea   0x080021ea   0x00000002   Code   RO         1340    i.SysTick_Handler   stm32l0xx_it.o
    0x080021ec   0x080021ec   0x000000d0   Code   RO          819    i.SystemClock_Config_1  main.o
    0x080022bc   0x080022bc   0x00000068   Code   RO         2142    i.SystemInit        system_stm32l0xx.o
    0x08002324   0x08002324   0x00000020   Code   RO          664    i.W25QXX_CS         w25q128.o
    0x08002344   0x08002344   0x00000022   Code   RO          665    i.W25QXX_Erase_Chip  w25q128.o
    0x08002366   0x08002366   0x00000002   PAD
    0x08002368   0x08002368   0x0000003c   Code   RO          667    i.W25QXX_Init       w25q128.o
    0x080023a4   0x080023a4   0x00000046   Code   RO          669    i.W25QXX_Read       w25q128.o
    0x080023ea   0x080023ea   0x0000003e   Code   RO          670    i.W25QXX_ReadID     w25q128.o
    0x08002428   0x08002428   0x00000022   Code   RO          671    i.W25QXX_ReadSR     w25q128.o
    0x0800244a   0x0800244a   0x00000012   Code   RO          673    i.W25QXX_Wait_Busy  w25q128.o
    0x0800245c   0x0800245c   0x00000016   Code   RO          676    i.W25QXX_Write_Enable  w25q128.o
    0x08002472   0x08002472   0x00000044   Code   RO          677    i.W25QXX_Write_NoCheck  w25q128.o
    0x080024b6   0x080024b6   0x0000004c   Code   RO          678    i.W25QXX_Write_Page  w25q128.o
    0x08002502   0x08002502   0x00000002   PAD
    0x08002504   0x08002504   0x0000007c   Code   RO          537    i.WriteDataToSflash  gsensortosflash_process.o
    0x08002580   0x08002580   0x00000030   Code   RO         1899    i.__ARM_common_ll_muluu  stm32l0xx_ll_lpuart.o
    0x080025b0   0x080025b0   0x0000001c   Code   RO          255    i.__ARM_common_switch8  accelerometer_bma253.o
    0x080025cc   0x080025cc   0x0000000e   Code   RO         2701    i.__scatterload_copy  mc_p.l(handlers.o)
    0x080025da   0x080025da   0x00000002   Code   RO         2702    i.__scatterload_null  mc_p.l(handlers.o)
    0x080025dc   0x080025dc   0x0000000e   Code   RO         2703    i.__scatterload_zeroinit  mc_p.l(handlers.o)
    0x080025ea   0x080025ea   0x000000a0   Code   RO           14    i.accelerometer_accel_get  accelerometer_bma253.o
    0x0800268a   0x0800268a   0x00000002   PAD
    0x0800268c   0x0800268c   0x00000034   Code   RO           22    i.accelerometer_filter_bandwidth_set  accelerometer_bma253.o
    0x080026c0   0x080026c0   0x00000064   Code   RO           25    i.accelerometer_init  accelerometer_bma253.o
    0x08002724   0x08002724   0x000000b0   Code   RO           26    i.accelerometer_int_enable  accelerometer_bma253.o
    0x080027d4   0x080027d4   0x000000b0   Code   RO           31    i.accelerometer_int_map_to_pin1  accelerometer_bma253.o
    0x08002884   0x08002884   0x00000028   Code   RO           33    i.accelerometer_int_mode_set  accelerometer_bma253.o
    0x080028ac   0x080028ac   0x00000076   Code   RO           35    i.accelerometer_int_out_ctrl  accelerometer_bma253.o
    0x08002922   0x08002922   0x00000062   Code   RO           45    i.accelerometer_power_mode_set  accelerometer_bma253.o
    0x08002984   0x08002984   0x00000022   Code   RO           46    i.accelerometer_probe  accelerometer_bma253.o
    0x080029a6   0x080029a6   0x00000040   Code   RO           48    i.accelerometer_range_set  accelerometer_bma253.o
    0x080029e6   0x080029e6   0x00000018   Code   RO           49    i.accelerometer_soft_reset  accelerometer_bma253.o
    0x080029fe   0x080029fe   0x00000002   PAD
    0x08002a00   0x08002a00   0x00000028   Code   RO          462    i.isFull            arrayqueue.o
    0x08002a28   0x08002a28   0x00000098   Code   RO          822    i.main              main.o
    0x08002ac0   0x08002ac0   0x00000098   Data   RO           51    .constdata          accelerometer_bma253.o
    0x08002b58   0x08002b58   0x00000005   Data   RO          539    .constdata          gsensortosflash_process.o
    0x08002b5d   0x08002b5d   0x00000005   Data   RO         1184    .constdata          usart.o
    0x08002b62   0x08002b62   0x00000021   Data   RO         2143    .constdata          system_stm32l0xx.o
    0x08002b83   0x08002b83   0x00000001   PAD
    0x08002b84   0x08002b84   0x00000020   Data   RO         2699    Region$$Table       anon$$obj.o


    Execution Region RW_IRAM1 (Exec base: 0x20000000, Load base: 0x08002ba4, Size: 0x00000740, Max: 0x00000800, ABSOLUTE)

    Exec Addr    Load Addr    Size         Type   Attr      Idx    E Section Name        Object

    0x20000000   0x08002ba4   0x0000001c   Data   RW          540    .data               gsensortosflash_process.o
    0x2000001c   0x08002bc0   0x00000003   Data   RW          682    .data               w25q128.o
    0x2000001f   0x08002bc3   0x00000001   PAD
    0x20000020   0x08002bc4   0x00000004   Data   RW         2144    .data               system_stm32l0xx.o
    0x20000024        -       0x00000104   Zero   RW          463    .bss                arrayqueue.o
    0x20000128        -       0x00000214   Zero   RW          538    .bss                gsensortosflash_process.o
    0x2000033c   0x08002bc8   0x00000004   PAD
    0x20000340        -       0x00000400   Zero   RW            1    STACK               startup_stm32l010x4.o


==============================================================================

Image component sizes


      Code (inc. data)   RO Data    RW Data    ZI Data      Debug   Object Name

      1106         30        152          0          0     256003   accelerometer_bma253.o
       558         20          0          0          0      20183   accelerometer_bma253_iic.o
       160         26          0          0        260       3131   arrayqueue.o
       200         20          0          0          0      11054   dma.o
       440         28          0          0          0      20823   gpio.o
      1486        228          5         28        532      38812   gsensortosflash_process.o
       428         32          0          0          0      17119   i2c.o
       376         32          0          0          0      12995   lptim.o
       890        140          0          0          0      35130   main.o
       112         10          0          0          0      13282   rtc.o
       380         24          0          0          0      10259   spi.o
        88         38        192          0       1024        632   startup_stm32l010x4.o
       102         10          0          0          0      15731   stm32l0xx_it.o
       284         28          0          0          0       7183   stm32l0xx_ll_exti.o
       254          0          0          0          0       7095   stm32l0xx_ll_gpio.o
       146          0          0          0          0      14762   stm32l0xx_ll_i2c.o
       204         10          0          0          0      14713   stm32l0xx_ll_lpuart.o
       484         90          0          0          0      18044   stm32l0xx_ll_rcc.o
       974         24          0          0          0      31959   stm32l0xx_ll_rtc.o
       108          6          0          0          0       8706   stm32l0xx_ll_spi.o
       100         18          0          0          0       6109   stm32l0xx_ll_utils.o
       104         16         33          4          0       1187   system_stm32l0xx.o
       768         72          5          0          0      16473   usart.o
       568         30          0          3          0      17082   w25q128.o

    ----------------------------------------------------------------------
     10346        932        420         36       1820     598467   Object Totals
         0          0         32          0          0          0   (incl. Generated)
        26          0          1          1          4          0   (incl. Padding)

    ----------------------------------------------------------------------

      Code (inc. data)   RO Data    RW Data    ZI Data      Debug   Library Member Name

         0          0          0          0          0          0   entry.o
         0          0          0          0          0          0   entry10a.o
         0          0          0          0          0          0   entry11a.o
         8          4          0          0          0          0   entry2.o
         4          0          0          0          0          0   entry5.o
         0          0          0          0          0          0   entry7b.o
         0          0          0          0          0          0   entry8b.o
         8          4          0          0          0          0   entry9a.o
        30          0          0          0          0          0   handlers.o
        36          8          0          0          0         68   init.o
        32          0          0          0          0         68   llshl.o
        34          0          0          0          0         68   llushr.o
        36          0          0          0          0         60   memcpya.o
        36          0          0          0          0        100   memseta.o
        40          0          0          0          0         72   strstr.o
        44          0          0          0          0         72   uidiv.o
        96          0          0          0          0         84   uldiv.o

    ----------------------------------------------------------------------
       406         16          0          0          0        592   Library Totals
         2          0          0          0          0          0   (incl. Padding)

    ----------------------------------------------------------------------

      Code (inc. data)   RO Data    RW Data    ZI Data      Debug   Library Name

       404         16          0          0          0        592   mc_p.l

    ----------------------------------------------------------------------
       406         16          0          0          0        592   Library Totals

    ----------------------------------------------------------------------

==============================================================================


      Code (inc. data)   RO Data    RW Data    ZI Data      Debug   

     10752        948        420         36       1820     591775   Grand Totals
     10752        948        420         36       1820     591775   ELF Image Totals
     10752        948        420         36          0          0   ROM Totals

==============================================================================

    Total RO  Size (Code + RO Data)                11172 (  10.91kB)
    Total RW  Size (RW Data + ZI Data)              1856 (   1.81kB)
    Total ROM Size (Code + RO Data + RW Data)      11208 (  10.95kB)

==============================================================================

